
 Start Length Name Class
 0001:00011000 0000387A0H _TEXT                  CODE
 0002:0004A000 00000A73CH _DATA                  DATA
 0003:0005473C 000002338H _BSS                   BSS
 0004:00000000 00000009CH _TLS                   TLS


Detailed map of segments
 0001:00000114 0000014F C=CODE    S=_TEXT    G=(none)   M=C:\PROGRAM FILES\BORLAND\CBUILDER6\LIB\C0W32.OBJ ACBP=A9
 0001:00000263 00003C91 C=CODE    S=_TEXT    G=(none)   M=D:\DOCUMENTS\PROJECTS\SERVET-CLIENT\POPEN\MAIN.OBJ ACBP=A9
 0001:00003EF4 0000002B C=CODE    S=_TEXT    G=(none)   M=C:\PROGRAM FILES\BORLAND\CBUILDER6\LIB\CW32.LIB|calloc ACBP=A9
 0001:00003F20 0000000F C=CODE    S=_TEXT    G=(none)   M=C:\PROGRAM FILES\BORLAND\CBUILDER6\LIB\CW32.LIB|del ACBP=A9
 0001:00003F30 0000000F C=CODE    S=_TEXT    G=(none)   M=C:\PROGRAM FILES\BORLAND\CBUILDER6\LIB\CW32.LIB|delarray ACBP=A9
 0001:00003F40 000001B6 C=CODE    S=_TEXT    G=(none)   M=C:\PROGRAM FILES\BORLAND\CBUILDER6\LIB\CW32.LIB|new ACBP=A9
 0001:000040F8 0000000F C=CODE    S=_TEXT    G=(none)   M=C:\PROGRAM FILES\BORLAND\CBUILDER6\LIB\CW32.LIB|newarray ACBP=A9
 0001:00004108 000000DB C=CODE    S=_TEXT    G=(none)   M=C:\PROGRAM FILES\BORLAND\CBUILDER6\LIB\CW32.LIB|setnew ACBP=A9
 0001:000041DC 0000015F C=CODE    S=_TEXT    G=(none)   M=C:\PROGRAM FILES\BORLAND\CBUILDER6\LIB\CW32.LIB|vdelldtc ACBP=A9
 0001:0000433C 000001BB C=CODE    S=_TEXT    G=(none)   M=C:\PROGRAM FILES\BORLAND\CBUILDER6\LIB\CW32.LIB|vnewldtc ACBP=A9
 0001:000044F8 00000111 C=CODE    S=_TEXT    G=(none)   M=C:\PROGRAM FILES\BORLAND\CBUILDER6\LIB\CW32.LIB|virtmem ACBP=A9
 0001:0000460C 0000009F C=CODE    S=_TEXT    G=(none)   M=C:\PROGRAM FILES\BORLAND\CBUILDER6\LIB\CW32.LIB|hrdir_b ACBP=A9
 0001:000046AC 00000020 C=CODE    S=_TEXT    G=(none)   M=C:\PROGRAM FILES\BORLAND\CBUILDER6\LIB\CW32.LIB|hrdir_mf ACBP=A9
 0001:000046CC 00000016 C=CODE    S=_TEXT    G=(none)   M=C:\PROGRAM FILES\BORLAND\CBUILDER6\LIB\CW32.LIB|hrdir_r ACBP=A9
 0001:000046E4 000000B8 C=CODE    S=_TEXT    G=(none)   M=C:\PROGRAM FILES\BORLAND\CBUILDER6\LIB\CW32.LIB|hrdir_s ACBP=A9
 0001:0000479C 00000001 C=CODE    S=_TEXT    G=(none)   M=C:\PROGRAM FILES\BORLAND\CBUILDER6\LIB\CW32.LIB|hrdir_us ACBP=A9
 0001:000047A0 000009CC C=CODE    S=_TEXT    G=(none)   M=C:\PROGRAM FILES\BORLAND\CBUILDER6\LIB\CW32.LIB|heap ACBP=A9
 0001:0000516C 00000292 C=CODE    S=_TEXT    G=(none)   M=C:\PROGRAM FILES\BORLAND\CBUILDER6\LIB\CW32.LIB|realloc ACBP=A9
 0001:00005400 00000001 C=CODE    S=_TEXT    G=(none)   M=C:\PROGRAM FILES\BORLAND\CBUILDER6\LIB\CW32.LIB|crtlst_i ACBP=A9
 0001:00005404 00000001 C=CODE    S=_TEXT    G=(none)   M=C:\PROGRAM FILES\BORLAND\CBUILDER6\LIB\CW32.LIB|crtlst_l ACBP=A9
 0001:00005408 00000214 C=CODE    S=_TEXT    G=(none)   M=C:\PROGRAM FILES\BORLAND\CBUILDER6\LIB\CW32.LIB|predecl ACBP=A9
 0001:00005614 00000C90 C=CODE    S=_TEXT    G=(none)   M=C:\PROGRAM FILES\BORLAND\CBUILDER6\LIB\CW32.LIB|allstl ACBP=A9
 0001:0000627C 00000190 C=CODE    S=_TEXT    G=(none)   M=C:\PROGRAM FILES\BORLAND\CBUILDER6\LIB\CW32.LIB|rwlocale ACBP=A9
 0001:000063CA 00000102 C=CODE    S=_TEXT    G=(none)   M=C:\PROGRAM FILES\BORLAND\CBUILDER6\LIB\CW32.LIB|stdexcpt ACBP=A9
 0001:00006448 0000001E C=CODE    S=_TEXT    G=(none)   M=C:\PROGRAM FILES\BORLAND\CBUILDER6\LIB\CW32.LIB|memchr ACBP=A9
 0001:00006468 00000020 C=CODE    S=_TEXT    G=(none)   M=C:\PROGRAM FILES\BORLAND\CBUILDER6\LIB\CW32.LIB|wmemchr ACBP=A9
 0001:00006488 00000024 C=CODE    S=_TEXT    G=(none)   M=C:\PROGRAM FILES\BORLAND\CBUILDER6\LIB\CW32.LIB|memcpy ACBP=A9
 0001:000064AC 0000004A C=CODE    S=_TEXT    G=(none)   M=C:\PROGRAM FILES\BORLAND\CBUILDER6\LIB\CW32.LIB|memmove ACBP=A9
 0001:000064F8 0000008A C=CODE    S=_TEXT    G=(none)   M=C:\PROGRAM FILES\BORLAND\CBUILDER6\LIB\CW32.LIB|memset ACBP=A9
 0001:00006584 00000018 C=CODE    S=_TEXT    G=(none)   M=C:\PROGRAM FILES\BORLAND\CBUILDER6\LIB\CW32.LIB|wmemset ACBP=A9
 0001:0000659C 0000003C C=CODE    S=_TEXT    G=(none)   M=C:\PROGRAM FILES\BORLAND\CBUILDER6\LIB\CW32.LIB|strcat ACBP=A9
 0001:000065D8 0000005A C=CODE    S=_TEXT    G=(none)   M=C:\PROGRAM FILES\BORLAND\CBUILDER6\LIB\CW32.LIB|strlen ACBP=A9
 0001:00006634 0000006E C=CODE    S=_TEXT    G=(none)   M=C:\PROGRAM FILES\BORLAND\CBUILDER6\LIB\CW32.LIB|strncat ACBP=A9
 0001:000066A4 00000014 C=CODE    S=_TEXT    G=(none)   M=C:\PROGRAM FILES\BORLAND\CBUILDER6\LIB\CW32.LIB|__memchr ACBP=A9
 0001:000066B8 0000006C C=CODE    S=_TEXT    G=(none)   M=C:\PROGRAM FILES\BORLAND\CBUILDER6\LIB\CW32.LIB|memcmp ACBP=A9
 0001:00006724 00000032 C=CODE    S=_TEXT    G=(none)   M=C:\PROGRAM FILES\BORLAND\CBUILDER6\LIB\CW32.LIB|strdup ACBP=A9
 0001:00006758 0000004F C=CODE    S=_TEXT    G=(none)   M=C:\PROGRAM FILES\BORLAND\CBUILDER6\LIB\CW32.LIB|strncpy ACBP=A9
 0001:000067A8 00000037 C=CODE    S=_TEXT    G=(none)   M=C:\PROGRAM FILES\BORLAND\CBUILDER6\LIB\CW32.LIB|_stpcpy ACBP=A9
 0001:000067E0 00000018 C=CODE    S=_TEXT    G=(none)   M=C:\PROGRAM FILES\BORLAND\CBUILDER6\LIB\CW32.LIB|wcslen ACBP=A9
 0001:000067F8 0000003F C=CODE    S=_TEXT    G=(none)   M=C:\PROGRAM FILES\BORLAND\CBUILDER6\LIB\CW32.LIB|wcscpy ACBP=A9
 0001:00006838 00000070 C=CODE    S=_TEXT    G=(none)   M=C:\PROGRAM FILES\BORLAND\CBUILDER6\LIB\CW32.LIB|xxa ACBP=A9
 0001:000068A8 00000AB6 C=CODE    S=_TEXT    G=(none)   M=C:\PROGRAM FILES\BORLAND\CBUILDER6\LIB\CW32.LIB|xxtype ACBP=A9
 0001:0000735E 000000B6 C=CODE    S=_TEXT    G=(none)   M=C:\PROGRAM FILES\BORLAND\CBUILDER6\LIB\CW32.LIB|xxut ACBP=A9
 0001:00007400 0000014B C=CODE    S=_TEXT    G=(none)   M=C:\PROGRAM FILES\BORLAND\CBUILDER6\LIB\CW32.LIB|xxv ACBP=A9
 0001:0000754C 0000000A C=CODE    S=_TEXT    G=(none)   M=C:\PROGRAM FILES\BORLAND\CBUILDER6\LIB\CW32.LIB|defhandl ACBP=A9
 0001:00007558 00000179 C=CODE    S=_TEXT    G=(none)   M=C:\PROGRAM FILES\BORLAND\CBUILDER6\LIB\CW32.LIB|except ACBP=A9
 0001:000076D4 00000046 C=CODE    S=_TEXT    G=(none)   M=C:\PROGRAM FILES\BORLAND\CBUILDER6\LIB\CW32.LIB|setexc ACBP=A9
 0001:0000771C 00000022 C=CODE    S=_TEXT    G=(none)   M=C:\PROGRAM FILES\BORLAND\CBUILDER6\LIB\CW32.LIB|ta ACBP=A9
 0001:00007740 0000003C C=CODE    S=_TEXT    G=(none)   M=C:\PROGRAM FILES\BORLAND\CBUILDER6\LIB\CW32.LIB|__access ACBP=A9
 0001:0000777C 00000060 C=CODE    S=_TEXT    G=(none)   M=C:\PROGRAM FILES\BORLAND\CBUILDER6\LIB\CW32.LIB|__close ACBP=A9
 0001:000077DC 00000013 C=CODE    S=_TEXT    G=(none)   M=C:\PROGRAM FILES\BORLAND\CBUILDER6\LIB\CW32.LIB|__dup ACBP=A9
 0001:000077F0 000000EF C=CODE    S=_TEXT    G=(none)   M=C:\PROGRAM FILES\BORLAND\CBUILDER6\LIB\CW32.LIB|__dup2 ACBP=A9
 0001:000078E0 00000086 C=CODE    S=_TEXT    G=(none)   M=C:\PROGRAM FILES\BORLAND\CBUILDER6\LIB\CW32.LIB|__eof ACBP=A9
 0001:00007968 00000047 C=CODE    S=_TEXT    G=(none)   M=C:\PROGRAM FILES\BORLAND\CBUILDER6\LIB\CW32.LIB|__isatty ACBP=A9
 0001:000079B0 00000076 C=CODE    S=_TEXT    G=(none)   M=C:\PROGRAM FILES\BORLAND\CBUILDER6\LIB\CW32.LIB|__lseek ACBP=A9
 0001:00007A28 000001FA C=CODE    S=_TEXT    G=(none)   M=C:\PROGRAM FILES\BORLAND\CBUILDER6\LIB\CW32.LIB|__open ACBP=A9
 0001:00007C24 0000019A C=CODE    S=_TEXT    G=(none)   M=C:\PROGRAM FILES\BORLAND\CBUILDER6\LIB\CW32.LIB|__read ACBP=A9
 0001:00007DC0 0000011C C=CODE    S=_TEXT    G=(none)   M=C:\PROGRAM FILES\BORLAND\CBUILDER6\LIB\CW32.LIB|__write ACBP=A9
 0001:00007EDC 00000011 C=CODE    S=_TEXT    G=(none)   M=C:\PROGRAM FILES\BORLAND\CBUILDER6\LIB\CW32.LIB|_cfinfo ACBP=A9
 0001:00007EF0 0000003D C=CODE    S=_TEXT    G=(none)   M=C:\PROGRAM FILES\BORLAND\CBUILDER6\LIB\CW32.LIB|_commit ACBP=A9
 0001:00007F30 00000039 C=CODE    S=_TEXT    G=(none)   M=C:\PROGRAM FILES\BORLAND\CBUILDER6\LIB\CW32.LIB|_fdopen ACBP=A9
 0001:00007F6C 00000038 C=CODE    S=_TEXT    G=(none)   M=C:\PROGRAM FILES\BORLAND\CBUILDER6\LIB\CW32.LIB|_flshall ACBP=A9
 0001:00007FA4 0000001D C=CODE    S=_TEXT    G=(none)   M=C:\PROGRAM FILES\BORLAND\CBUILDER6\LIB\CW32.LIB|_fputc ACBP=A9
 0001:00007FC4 000000D3 C=CODE    S=_TEXT    G=(none)   M=C:\PROGRAM FILES\BORLAND\CBUILDER6\LIB\CW32.LIB|_pipe ACBP=A9
 0001:00008098 0000020B C=CODE    S=_TEXT    G=(none)   M=C:\PROGRAM FILES\BORLAND\CBUILDER6\LIB\CW32.LIB|_popen ACBP=A9
 0001:000082A4 00000061 C=CODE    S=_TEXT    G=(none)   M=C:\PROGRAM FILES\BORLAND\CBUILDER6\LIB\CW32.LIB|_read ACBP=A9
 0001:00008305 00000017 C=CODE    S=_TEXT    G=(none)   M=C:\PROGRAM FILES\BORLAND\CBUILDER6\LIB\CW32.LIB|_umask ACBP=A9
 0001:00008308 00000061 C=CODE    S=_TEXT    G=(none)   M=C:\PROGRAM FILES\BORLAND\CBUILDER6\LIB\CW32.LIB|_write ACBP=A9
 0001:0000836C 00000008 C=CODE    S=_TEXT    G=(none)   M=C:\PROGRAM FILES\BORLAND\CBUILDER6\LIB\CW32.LIB|access ACBP=A9
 0001:00008374 0000007D C=CODE    S=_TEXT    G=(none)   M=C:\PROGRAM FILES\BORLAND\CBUILDER6\LIB\CW32.LIB|allocbuf ACBP=A9
 0001:000083F4 0000008E C=CODE    S=_TEXT    G=(none)   M=C:\PROGRAM FILES\BORLAND\CBUILDER6\LIB\CW32.LIB|fclose ACBP=A9
 0001:00008484 0000007F C=CODE    S=_TEXT    G=(none)   M=C:\PROGRAM FILES\BORLAND\CBUILDER6\LIB\CW32.LIB|fflush ACBP=A9
 0001:00008504 0000001E C=CODE    S=_TEXT    G=(none)   M=C:\PROGRAM FILES\BORLAND\CBUILDER6\LIB\CW32.LIB|fgetpos ACBP=A9
 0001:00008524 0000012D C=CODE    S=_TEXT    G=(none)   M=C:\PROGRAM FILES\BORLAND\CBUILDER6\LIB\CW32.LIB|fgets ACBP=A9
 0001:00008654 0000005A C=CODE    S=_TEXT    G=(none)   M=C:\PROGRAM FILES\BORLAND\CBUILDER6\LIB\CW32.LIB|flushout ACBP=A9
 0001:000086B0 00000023 C=CODE    S=_TEXT    G=(none)   M=C:\PROGRAM FILES\BORLAND\CBUILDER6\LIB\CW32.LIB|fmodeptr ACBP=A9
 0001:000086D4 000001DD C=CODE    S=_TEXT    G=(none)   M=C:\PROGRAM FILES\BORLAND\CBUILDER6\LIB\CW32.LIB|fopen ACBP=A9
 0001:000088B4 0000013E C=CODE    S=_TEXT    G=(none)   M=C:\PROGRAM FILES\BORLAND\CBUILDER6\LIB\CW32.LIB|fseek ACBP=A9
 0001:000089F4 00000019 C=CODE    S=_TEXT    G=(none)   M=C:\PROGRAM FILES\BORLAND\CBUILDER6\LIB\CW32.LIB|fsetpos ACBP=A9
 0001:00008A10 000000B0 C=CODE    S=_TEXT    G=(none)   M=C:\PROGRAM FILES\BORLAND\CBUILDER6\LIB\CW32.LIB|fstat ACBP=A9
 0001:00008AC0 000000D4 C=CODE    S=_TEXT    G=(none)   M=C:\PROGRAM FILES\BORLAND\CBUILDER6\LIB\CW32.LIB|fullpath ACBP=A9
 0001:00008B94 00000140 C=CODE    S=_TEXT    G=(none)   M=C:\PROGRAM FILES\BORLAND\CBUILDER6\LIB\CW32.LIB|getdcwd ACBP=A9
 0001:00008CD4 000002B9 C=CODE    S=_TEXT    G=(none)   M=C:\PROGRAM FILES\BORLAND\CBUILDER6\LIB\CW32.LIB|handles ACBP=A9
 0001:00008F90 00000076 C=CODE    S=_TEXT    G=(none)   M=C:\PROGRAM FILES\BORLAND\CBUILDER6\LIB\CW32.LIB|ioerror ACBP=A9
 0001:00009008 000000B0 C=CODE    S=_TEXT    G=(none)   M=C:\PROGRAM FILES\BORLAND\CBUILDER6\LIB\CW32.LIB|iomacro ACBP=A9
 0001:000090B8 0000019E C=CODE    S=_TEXT    G=(none)   M=C:\PROGRAM FILES\BORLAND\CBUILDER6\LIB\CW32.LIB|lgetc ACBP=A9
 0001:00009258 00000110 C=CODE    S=_TEXT    G=(none)   M=C:\PROGRAM FILES\BORLAND\CBUILDER6\LIB\CW32.LIB|lputc ACBP=A9
 0001:00009368 00000091 C=CODE    S=_TEXT    G=(none)   M=C:\PROGRAM FILES\BORLAND\CBUILDER6\LIB\CW32.LIB|mkname ACBP=A9
 0001:000093F9 00000079 C=CODE    S=_TEXT    G=(none)   M=C:\PROGRAM FILES\BORLAND\CBUILDER6\LIB\CW32.LIB|perror ACBP=A9
 0001:000093FC 0000004D C=CODE    S=_TEXT    G=(none)   M=C:\PROGRAM FILES\BORLAND\CBUILDER6\LIB\CW32.LIB|setvbuf ACBP=A9
 0001:0000944C 00000100 C=CODE    S=_TEXT    G=(none)   M=C:\PROGRAM FILES\BORLAND\CBUILDER6\LIB\CW32.LIB|snprntf ACBP=A9
 0001:0000954C 00000078 C=CODE    S=_TEXT    G=(none)   M=C:\PROGRAM FILES\BORLAND\CBUILDER6\LIB\CW32.LIB|sprintf ACBP=A9
 0001:000095C4 00000115 C=CODE    S=_TEXT    G=(none)   M=C:\PROGRAM FILES\BORLAND\CBUILDER6\LIB\CW32.LIB|streams ACBP=A9
 0001:000096DC 00000050 C=CODE    S=_TEXT    G=(none)   M=C:\PROGRAM FILES\BORLAND\CBUILDER6\LIB\CW32.LIB|ungetc ACBP=A9
 0001:0000972C 0000001A C=CODE    S=_TEXT    G=(none)   M=C:\PROGRAM FILES\BORLAND\CBUILDER6\LIB\CW32.LIB|unlink ACBP=A9
 0001:00009748 000009EC C=CODE    S=_TEXT    G=(none)   M=C:\PROGRAM FILES\BORLAND\CBUILDER6\LIB\CW32.LIB|vprinter ACBP=A9
 0001:0000A134 0000002E C=CODE    S=_TEXT    G=(none)   M=C:\PROGRAM FILES\BORLAND\CBUILDER6\LIB\CW32.LIB|xfclose ACBP=A9
 0001:0000A164 00000027 C=CODE    S=_TEXT    G=(none)   M=C:\PROGRAM FILES\BORLAND\CBUILDER6\LIB\CW32.LIB|xfflush ACBP=A9
 0001:0000A18C 00000051 C=CODE    S=_TEXT    G=(none)   M=C:\PROGRAM FILES\BORLAND\CBUILDER6\LIB\CW32.LIB|getinfo ACBP=A9
 0001:0000A1E0 00000102 C=CODE    S=_TEXT    G=(none)   M=C:\PROGRAM FILES\BORLAND\CBUILDER6\LIB\CW32.LIB|is ACBP=A9
 0001:0000A2E4 00000103 C=CODE    S=_TEXT    G=(none)   M=C:\PROGRAM FILES\BORLAND\CBUILDER6\LIB\CW32.LIB|wis ACBP=A9
 0001:0000A3E8 00000043 C=CODE    S=_TEXT    G=(none)   M=C:\PROGRAM FILES\BORLAND\CBUILDER6\LIB\CW32.LIB|isctype ACBP=A9
 0001:0000A42C 00000055 C=CODE    S=_TEXT    G=(none)   M=C:\PROGRAM FILES\BORLAND\CBUILDER6\LIB\CW32.LIB|iswctype ACBP=A9
 0001:0000A484 00000054 C=CODE    S=_TEXT    G=(none)   M=C:\PROGRAM FILES\BORLAND\CBUILDER6\LIB\CW32.LIB|ltoupper ACBP=A9
 0001:0000A4D8 000004D0 C=CODE    S=_TEXT    G=(none)   M=C:\PROGRAM FILES\BORLAND\CBUILDER6\LIB\CW32.LIB|mbyte1 ACBP=A9
 0001:0000A9A8 00000200 C=CODE    S=_TEXT    G=(none)   M=C:\PROGRAM FILES\BORLAND\CBUILDER6\LIB\CW32.LIB|_ll ACBP=A9
 0001:0000ABA8 00000030 C=CODE    S=_TEXT    G=(none)   M=C:\PROGRAM FILES\BORLAND\CBUILDER6\LIB\CW32.LIB|_cpysgn ACBP=A9
 0001:0000ABD8 0000001D C=CODE    S=_TEXT    G=(none)   M=C:\PROGRAM FILES\BORLAND\CBUILDER6\LIB\CW32.LIB|_finite ACBP=A9
 0001:0000ABF8 0000013C C=CODE    S=_TEXT    G=(none)   M=C:\PROGRAM FILES\BORLAND\CBUILDER6\LIB\CW32.LIB|_fpcls ACBP=A9
 0001:0000AD34 00000045 C=CODE    S=_TEXT    G=(none)   M=C:\PROGRAM FILES\BORLAND\CBUILDER6\LIB\CW32.LIB|_isnan ACBP=A9
 0001:0000AD7C 00000049 C=CODE    S=_TEXT    G=(none)   M=C:\PROGRAM FILES\BORLAND\CBUILDER6\LIB\CW32.LIB|_isnanl ACBP=A9
 0001:0000ADC8 00000188 C=CODE    S=_TEXT    G=(none)   M=C:\PROGRAM FILES\BORLAND\CBUILDER6\LIB\CW32.LIB|_pow10 ACBP=A9
 0001:0000AF50 00000077 C=CODE    S=_TEXT    G=(none)   M=C:\PROGRAM FILES\BORLAND\CBUILDER6\LIB\CW32.LIB|atol ACBP=A9
 0001:0000AFC8 00000013 C=CODE    S=_TEXT    G=(none)   M=C:\PROGRAM FILES\BORLAND\CBUILDER6\LIB\CW32.LIB|clear87 ACBP=A9
 0001:0000AFDC 0000002F C=CODE    S=_TEXT    G=(none)   M=C:\PROGRAM FILES\BORLAND\CBUILDER6\LIB\CW32.LIB|ctrl87 ACBP=A9
 0001:0000B00C 00000018 C=CODE    S=_TEXT    G=(none)   M=C:\PROGRAM FILES\BORLAND\CBUILDER6\LIB\CW32.LIB|cvtentry ACBP=A9
 0001:0000B024 00000018 C=CODE    S=_TEXT    G=(none)   M=C:\PROGRAM FILES\BORLAND\CBUILDER6\LIB\CW32.LIB|cvtfak ACBP=A9
 0001:0000B03C 00000018 C=CODE    S=_TEXT    G=(none)   M=C:\PROGRAM FILES\BORLAND\CBUILDER6\LIB\CW32.LIB|cvtfakw ACBP=A9
 0001:0000B054 0000006E C=CODE    S=_TEXT    G=(none)   M=C:\PROGRAM FILES\BORLAND\CBUILDER6\LIB\CW32.LIB|efcvt ACBP=A9
 0001:0000B0C4 00000016 C=CODE    S=_TEXT    G=(none)   M=C:\PROGRAM FILES\BORLAND\CBUILDER6\LIB\CW32.LIB|fpreset ACBP=A9
 0001:0000B0DC 0000002D C=CODE    S=_TEXT    G=(none)   M=C:\PROGRAM FILES\BORLAND\CBUILDER6\LIB\CW32.LIB|fuildq ACBP=A9
 0001:0000B10C 00000021 C=CODE    S=_TEXT    G=(none)   M=C:\PROGRAM FILES\BORLAND\CBUILDER6\LIB\CW32.LIB|fuistq ACBP=A9
 0001:0000B130 00000011 C=CODE    S=_TEXT    G=(none)   M=C:\PROGRAM FILES\BORLAND\CBUILDER6\LIB\CW32.LIB|fxam ACBP=A9
 0001:0000B144 000000B1 C=CODE    S=_TEXT    G=(none)   M=C:\PROGRAM FILES\BORLAND\CBUILDER6\LIB\CW32.LIB|int64toa ACBP=A9
 0001:0000B1F8 00000117 C=CODE    S=_TEXT    G=(none)   M=C:\PROGRAM FILES\BORLAND\CBUILDER6\LIB\CW32.LIB|ldtrunc ACBP=A9
 0001:0000B310 0000008F C=CODE    S=_TEXT    G=(none)   M=C:\PROGRAM FILES\BORLAND\CBUILDER6\LIB\CW32.LIB|longtoa ACBP=A9
 0001:0000B3A0 00000075 C=CODE    S=_TEXT    G=(none)   M=C:\PROGRAM FILES\BORLAND\CBUILDER6\LIB\CW32.LIB|ltoa1 ACBP=A9
 0001:0000B418 0000002A C=CODE    S=_TEXT    G=(none)   M=C:\PROGRAM FILES\BORLAND\CBUILDER6\LIB\CW32.LIB|matherr ACBP=A9
 0001:0000B444 0000002E C=CODE    S=_TEXT    G=(none)   M=C:\PROGRAM FILES\BORLAND\CBUILDER6\LIB\CW32.LIB|matherrl ACBP=A9
 0001:0000B474 00000016 C=CODE    S=_TEXT    G=(none)   M=C:\PROGRAM FILES\BORLAND\CBUILDER6\LIB\CW32.LIB|mathptr ACBP=A9
 0001:0000B48C 00000025 C=CODE    S=_TEXT    G=(none)   M=C:\PROGRAM FILES\BORLAND\CBUILDER6\LIB\CW32.LIB|qdiv10 ACBP=A9
 0001:0000B4B4 0000002E C=CODE    S=_TEXT    G=(none)   M=C:\PROGRAM FILES\BORLAND\CBUILDER6\LIB\CW32.LIB|qmul10 ACBP=A9
 0001:0000B4E4 000002F9 C=CODE    S=_TEXT    G=(none)   M=C:\PROGRAM FILES\BORLAND\CBUILDER6\LIB\CW32.LIB|realcvt ACBP=A9
 0001:0000B7E0 00000331 C=CODE    S=_TEXT    G=(none)   M=C:\PROGRAM FILES\BORLAND\CBUILDER6\LIB\CW32.LIB|realcvtw ACBP=A9
 0001:0000BB14 000004E1 C=CODE    S=_TEXT    G=(none)   M=C:\PROGRAM FILES\BORLAND\CBUILDER6\LIB\CW32.LIB|scantod ACBP=A9
 0001:0000BFF8 000004DD C=CODE    S=_TEXT    G=(none)   M=C:\PROGRAM FILES\BORLAND\CBUILDER6\LIB\CW32.LIB|scanwtod ACBP=A9
 0001:0000C4D8 00000013 C=CODE    S=_TEXT    G=(none)   M=C:\PROGRAM FILES\BORLAND\CBUILDER6\LIB\CW32.LIB|stat87 ACBP=A9
 0001:0000C4EC 000002D2 C=CODE    S=_TEXT    G=(none)   M=C:\PROGRAM FILES\BORLAND\CBUILDER6\LIB\CW32.LIB|xcvt ACBP=A9
 0001:0000C7C0 000002F1 C=CODE    S=_TEXT    G=(none)   M=C:\PROGRAM FILES\BORLAND\CBUILDER6\LIB\CW32.LIB|xcvtw ACBP=A9
 0001:0000CAB4 00000139 C=CODE    S=_TEXT    G=(none)   M=C:\PROGRAM FILES\BORLAND\CBUILDER6\LIB\CW32.LIB|mbctype ACBP=A9
 0001:0000CBF0 0000003D C=CODE    S=_TEXT    G=(none)   M=C:\PROGRAM FILES\BORLAND\CBUILDER6\LIB\CW32.LIB|mbisalp ACBP=A9
 0001:0000CC30 0000001A C=CODE    S=_TEXT    G=(none)   M=C:\PROGRAM FILES\BORLAND\CBUILDER6\LIB\CW32.LIB|mbisdgt ACBP=A9
 0001:0000CC4C 0000001A C=CODE    S=_TEXT    G=(none)   M=C:\PROGRAM FILES\BORLAND\CBUILDER6\LIB\CW32.LIB|mbisspc ACBP=A9
 0001:0000CC68 00000050 C=CODE    S=_TEXT    G=(none)   M=C:\PROGRAM FILES\BORLAND\CBUILDER6\LIB\CW32.LIB|mbschr ACBP=A9
 0001:0000CCB8 00000055 C=CODE    S=_TEXT    G=(none)   M=C:\PROGRAM FILES\BORLAND\CBUILDER6\LIB\CW32.LIB|mbsdec ACBP=A9
 0001:0000CD10 0000009B C=CODE    S=_TEXT    G=(none)   M=C:\PROGRAM FILES\BORLAND\CBUILDER6\LIB\CW32.LIB|mbsicmp ACBP=A9
 0001:0000CDAC 00000054 C=CODE    S=_TEXT    G=(none)   M=C:\PROGRAM FILES\BORLAND\CBUILDER6\LIB\CW32.LIB|mbsnbcpy ACBP=A9
 0001:0000CE00 000000BF C=CODE    S=_TEXT    G=(none)   M=C:\PROGRAM FILES\BORLAND\CBUILDER6\LIB\CW32.LIB|mbsnbicm ACBP=A9
 0001:0000CEC0 00000056 C=CODE    S=_TEXT    G=(none)   M=C:\PROGRAM FILES\BORLAND\CBUILDER6\LIB\CW32.LIB|mbsrchr ACBP=A9
 0001:0000CF18 000000A6 C=CODE    S=_TEXT    G=(none)   M=C:\PROGRAM FILES\BORLAND\CBUILDER6\LIB\CW32.LIB|assert ACBP=A9
 0001:0000CFC0 000000B8 C=CODE    S=_TEXT    G=(none)   M=C:\PROGRAM FILES\BORLAND\CBUILDER6\LIB\CW32.LIB|ermsghlp ACBP=A9
 0001:0000D078 00000006 C=CODE    S=_TEXT    G=(none)   M=C:\PROGRAM FILES\BORLAND\CBUILDER6\LIB\CW32.LIB|errno ACBP=A9
 0001:0000D078 0000019B C=CODE    S=_TEXT    G=(none)   M=C:\PROGRAM FILES\BORLAND\CBUILDER6\LIB\CW32.LIB|errormsg ACBP=A9
 0001:0000D214 00000089 C=CODE    S=_TEXT    G=(none)   M=C:\PROGRAM FILES\BORLAND\CBUILDER6\LIB\CW32.LIB|platform ACBP=A9
 0001:0000D2A0 00000022 C=CODE    S=_TEXT    G=(none)   M=C:\PROGRAM FILES\BORLAND\CBUILDER6\LIB\CW32.LIB|abort ACBP=A9
 0001:0000D2C4 000000A7 C=CODE    S=_TEXT    G=(none)   M=C:\PROGRAM FILES\BORLAND\CBUILDER6\LIB\CW32.LIB|exit ACBP=A9
 0001:0000D36C 00000057 C=CODE    S=_TEXT    G=(none)   M=C:\PROGRAM FILES\BORLAND\CBUILDER6\LIB\CW32.LIB|getenv ACBP=A9
 0001:0000D3C4 0000001A C=CODE    S=_TEXT    G=(none)   M=C:\PROGRAM FILES\BORLAND\CBUILDER6\LIB\CW32.LIB|initwild ACBP=A9
 0001:0000D3E0 00000011 C=CODE    S=_TEXT    G=(none)   M=C:\PROGRAM FILES\BORLAND\CBUILDER6\LIB\CW32.LIB|exparg ACBP=A9
 0001:0000D3F4 00000011 C=CODE    S=_TEXT    G=(none)   M=C:\PROGRAM FILES\BORLAND\CBUILDER6\LIB\CW32.LIB|wexparg ACBP=A9
 0001:0000D408 00000027 C=CODE    S=_TEXT    G=(none)   M=C:\PROGRAM FILES\BORLAND\CBUILDER6\LIB\CW32.LIB|initargv ACBP=A9
 0001:0000D430 0000016C C=CODE    S=_TEXT    G=(none)   M=C:\PROGRAM FILES\BORLAND\CBUILDER6\LIB\CW32.LIB|setargv ACBP=A9
 0001:0000D59C 000001E5 C=CODE    S=_TEXT    G=(none)   M=C:\PROGRAM FILES\BORLAND\CBUILDER6\LIB\CW32.LIB|hsargv ACBP=A9
 0001:0000D784 00000227 C=CODE    S=_TEXT    G=(none)   M=C:\PROGRAM FILES\BORLAND\CBUILDER6\LIB\CW32.LIB|whsargv ACBP=A9
 0001:0000D9AC 0000002D C=CODE    S=_TEXT    G=(none)   M=C:\PROGRAM FILES\BORLAND\CBUILDER6\LIB\CW32.LIB|srchenv ACBP=A9
 0001:0000D9DC 000000F5 C=CODE    S=_TEXT    G=(none)   M=C:\PROGRAM FILES\BORLAND\CBUILDER6\LIB\CW32.LIB|srchstr ACBP=A9
 0001:0000DAD4 00000045 C=CODE    S=_TEXT    G=(none)   M=C:\PROGRAM FILES\BORLAND\CBUILDER6\LIB\CW32.LIB|setargv0 ACBP=A9
 0001:0000DB1C 0000063B C=CODE    S=_TEXT    G=(none)   M=C:\PROGRAM FILES\BORLAND\CBUILDER6\LIB\CW32.LIB|loadprog ACBP=A9
 0001:0000E158 000001A0 C=CODE    S=_TEXT    G=(none)   M=C:\PROGRAM FILES\BORLAND\CBUILDER6\LIB\CW32.LIB|setenvp ACBP=A9
 0001:0000E2F8 000002F8 C=CODE    S=_TEXT    G=(none)   M=C:\PROGRAM FILES\BORLAND\CBUILDER6\LIB\CW32.LIB|signal ACBP=A9
 0001:0000E5F0 000000E5 C=CODE    S=_TEXT    G=(none)   M=C:\PROGRAM FILES\BORLAND\CBUILDER6\LIB\CW32.LIB|system ACBP=A9
 0001:0000E6D8 000001AB C=CODE    S=_TEXT    G=(none)   M=C:\PROGRAM FILES\BORLAND\CBUILDER6\LIB\CW32.LIB|_cwait ACBP=A9
 0001:0000E884 00000157 C=CODE    S=_TEXT    G=(none)   M=C:\PROGRAM FILES\BORLAND\CBUILDER6\LIB\CW32.LIB|initexit ACBP=A9
 0001:0000E9DC 000001A4 C=CODE    S=_TEXT    G=(none)   M=C:\PROGRAM FILES\BORLAND\CBUILDER6\LIB\CW32.LIB|startup ACBP=A9
 0001:0000EB80 0000004F C=CODE    S=_TEXT    G=(none)   M=C:\PROGRAM FILES\BORLAND\CBUILDER6\LIB\CW32.LIB|tlsstat ACBP=A9
 0001:0000EBD0 000002A4 C=CODE    S=_TEXT    G=(none)   M=C:\PROGRAM FILES\BORLAND\CBUILDER6\LIB\CW32.LIB|timefunc ACBP=A9
 0001:0000EE74 00000006 C=CODE    S=_TEXT    G=(none)   M=C:\PROGRAM FILES\BORLAND\CBUILDER6\LIB\CW32.LIB|tzdata ACBP=A9
 0001:0000EE7C 000001C8 C=CODE    S=_TEXT    G=(none)   M=C:\PROGRAM FILES\BORLAND\CBUILDER6\LIB\CW32.LIB|tzset ACBP=A9
 0001:0000F044 00000008 C=CODE    S=_TEXT    G=(none)   M=C:\PROGRAM FILES\BORLAND\CBUILDER6\LIB\CW32.LIB|_tzset ACBP=A9
 0001:0000F04C 00000156 C=CODE    S=_TEXT    G=(none)   M=C:\PROGRAM FILES\BORLAND\CBUILDER6\LIB\CW32.LIB|statcvt ACBP=A9
 0001:0000F1A4 00001BA2 C=CODE    S=_TEXT    G=(none)   M=C:\PROGRAM FILES\BORLAND\CBUILDER6\LIB\CW32.LIB|xx ACBP=A9
 0001:00010D46 00001A24 C=CODE    S=_TEXT    G=(none)   M=C:\PROGRAM FILES\BORLAND\CBUILDER6\LIB\STLP.LIB|dll_main ACBP=A9
 0001:00012733 000009E1 C=CODE    S=_TEXT    G=(none)   M=C:\PROGRAM FILES\BORLAND\CBUILDER6\LIB\STLP.LIB|ios ACBP=A9
 0001:000130DD 000009AF C=CODE    S=_TEXT    G=(none)   M=C:\PROGRAM FILES\BORLAND\CBUILDER6\LIB\STLP.LIB|streambuf ACBP=A9
 0001:00013A64 00000638 C=CODE    S=_TEXT    G=(none)   M=C:\PROGRAM FILES\BORLAND\CBUILDER6\LIB\STLP.LIB|stdio_streambuf ACBP=A9
 0001:00014074 000029F5 C=CODE    S=_TEXT    G=(none)   M=C:\PROGRAM FILES\BORLAND\CBUILDER6\LIB\STLP.LIB|iostream ACBP=A9
 0001:00016A50 0000003C C=CODE    S=_TEXT    G=(none)   M=C:\PROGRAM FILES\BORLAND\CBUILDER6\LIB\STLP.LIB|ostream ACBP=A9
 0001:00016A73 00000A0E C=CODE    S=_TEXT    G=(none)   M=C:\PROGRAM FILES\BORLAND\CBUILDER6\LIB\STLP.LIB|fstream ACBP=A9
 0001:00017459 00000B22 C=CODE    S=_TEXT    G=(none)   M=C:\PROGRAM FILES\BORLAND\CBUILDER6\LIB\STLP.LIB|sstream ACBP=A9
 0001:00017F7B 00000599 C=CODE    S=_TEXT    G=(none)   M=C:\PROGRAM FILES\BORLAND\CBUILDER6\LIB\STLP.LIB|codecvt ACBP=A9
 0001:00018514 000004B7 C=CODE    S=_TEXT    G=(none)   M=C:\PROGRAM FILES\BORLAND\CBUILDER6\LIB\STLP.LIB|collate ACBP=A9
 0001:00018994 0000096C C=CODE    S=_TEXT    G=(none)   M=C:\PROGRAM FILES\BORLAND\CBUILDER6\LIB\STLP.LIB|ctype ACBP=A9
 0001:00019300 0000A7DF C=CODE    S=_TEXT    G=(none)   M=C:\PROGRAM FILES\BORLAND\CBUILDER6\LIB\STLP.LIB|monetary ACBP=A9
 0001:00023AA8 00008AA7 C=CODE    S=_TEXT    G=(none)   M=C:\PROGRAM FILES\BORLAND\CBUILDER6\LIB\STLP.LIB|num_get ACBP=A9
 0001:0002C536 00000D68 C=CODE    S=_TEXT    G=(none)   M=C:\PROGRAM FILES\BORLAND\CBUILDER6\LIB\STLP.LIB|num_get_float ACBP=A9
 0001:0002D29E 00002DD1 C=CODE    S=_TEXT    G=(none)   M=C:\PROGRAM FILES\BORLAND\CBUILDER6\LIB\STLP.LIB|num_put ACBP=A9
 0001:00030038 00000944 C=CODE    S=_TEXT    G=(none)   M=C:\PROGRAM FILES\BORLAND\CBUILDER6\LIB\STLP.LIB|num_put_float ACBP=A9
 0001:0003097C 0000062F C=CODE    S=_TEXT    G=(none)   M=C:\PROGRAM FILES\BORLAND\CBUILDER6\LIB\STLP.LIB|numpunct ACBP=A9
 0001:00030F74 0000390D C=CODE    S=_TEXT    G=(none)   M=C:\PROGRAM FILES\BORLAND\CBUILDER6\LIB\STLP.LIB|time_facets ACBP=A9
 0001:0003484C 0000015B C=CODE    S=_TEXT    G=(none)   M=C:\PROGRAM FILES\BORLAND\CBUILDER6\LIB\STLP.LIB|locale ACBP=A9
 0001:00034970 00002D82 C=CODE    S=_TEXT    G=(none)   M=C:\PROGRAM FILES\BORLAND\CBUILDER6\LIB\STLP.LIB|locale_catalog ACBP=A9
 0001:000376BC 00000F61 C=CODE    S=_TEXT    G=(none)   M=C:\PROGRAM FILES\BORLAND\CBUILDER6\LIB\STLP.LIB|locale_impl ACBP=A9
 0002:00000000 000000A4 C=DATA    S=_DATA    G=DGROUP   M=C:\PROGRAM FILES\BORLAND\CBUILDER6\LIB\C0W32.OBJ ACBP=A9
 0002:000000A4 00000A6C C=DATA    S=_DATA    G=DGROUP   M=D:\DOCUMENTS\PROJECTS\SERVET-CLIENT\POPEN\MAIN.OBJ ACBP=A9
 0002:00000B10 00000070 C=DATA    S=_DATA    G=DGROUP   M=C:\PROGRAM FILES\BORLAND\CBUILDER6\LIB\CW32.LIB|new ACBP=A9
 0002:00000B80 00000088 C=DATA    S=_DATA    G=DGROUP   M=C:\PROGRAM FILES\BORLAND\CBUILDER6\LIB\CW32.LIB|setnew ACBP=A9
 0002:00000BF4 00000054 C=DATA    S=_DATA    G=DGROUP   M=C:\PROGRAM FILES\BORLAND\CBUILDER6\LIB\CW32.LIB|vdelldtc ACBP=A9
 0002:00000C48 00000074 C=DATA    S=_DATA    G=DGROUP   M=C:\PROGRAM FILES\BORLAND\CBUILDER6\LIB\CW32.LIB|vnewldtc ACBP=A9
 0002:00000CBC 00000004 C=DATA    S=_DATA    G=DGROUP   M=C:\PROGRAM FILES\BORLAND\CBUILDER6\LIB\CW32.LIB|virtmem ACBP=A9
 0002:00000CC0 00000098 C=DATA    S=_DATA    G=DGROUP   M=C:\PROGRAM FILES\BORLAND\CBUILDER6\LIB\CW32.LIB|hrdir_b ACBP=A9
 0002:00000D58 00000020 C=DATA    S=_DATA    G=DGROUP   M=C:\PROGRAM FILES\BORLAND\CBUILDER6\LIB\CW32.LIB|hrdir_s ACBP=A9
 0002:00000D78 00000040 C=DATA    S=_DATA    G=DGROUP   M=C:\PROGRAM FILES\BORLAND\CBUILDER6\LIB\CW32.LIB|heap ACBP=A9
 0002:00000DB8 00000070 C=DATA    S=_DATA    G=DGROUP   M=C:\PROGRAM FILES\BORLAND\CBUILDER6\LIB\CW32.LIB|predecl ACBP=A9
 0002:00000E28 000011DD C=DATA    S=_DATA    G=DGROUP   M=C:\PROGRAM FILES\BORLAND\CBUILDER6\LIB\CW32.LIB|allstl ACBP=A9
 0002:00002004 000001CD C=DATA    S=_DATA    G=DGROUP   M=C:\PROGRAM FILES\BORLAND\CBUILDER6\LIB\CW32.LIB|rwlocale ACBP=A9
 0002:000021D0 00000095 C=DATA    S=_DATA    G=DGROUP   M=C:\PROGRAM FILES\BORLAND\CBUILDER6\LIB\CW32.LIB|stdexcpt ACBP=A9
 0002:00002264 00000004 C=DATA    S=_DATA    G=DGROUP   M=C:\PROGRAM FILES\BORLAND\CBUILDER6\LIB\CW32.LIB|xx_xpf ACBP=A9
 0002:00002268 00000348 C=DATA    S=_DATA    G=DGROUP   M=C:\PROGRAM FILES\BORLAND\CBUILDER6\LIB\CW32.LIB|xxtype ACBP=A9
 0002:000025B0 0000003C C=DATA    S=_DATA    G=DGROUP   M=C:\PROGRAM FILES\BORLAND\CBUILDER6\LIB\CW32.LIB|xxut ACBP=A9
 0002:000025EC 000000E4 C=DATA    S=_DATA    G=DGROUP   M=C:\PROGRAM FILES\BORLAND\CBUILDER6\LIB\CW32.LIB|xxv ACBP=A9
 0002:000026D0 00000014 C=DATA    S=_DATA    G=DGROUP   M=C:\PROGRAM FILES\BORLAND\CBUILDER6\LIB\CW32.LIB|except ACBP=A9
 0002:000026E4 0000000C C=DATA    S=_DATA    G=DGROUP   M=C:\PROGRAM FILES\BORLAND\CBUILDER6\LIB\CW32.LIB|__dup2 ACBP=A9
 0002:000026F0 00000004 C=DATA    S=_DATA    G=DGROUP   M=C:\PROGRAM FILES\BORLAND\CBUILDER6\LIB\CW32.LIB|_cfinfo ACBP=A9
 0002:000026F4 00000014 C=DATA    S=_DATA    G=DGROUP   M=C:\PROGRAM FILES\BORLAND\CBUILDER6\LIB\CW32.LIB|_popen ACBP=A9
 0002:00002708 00000004 C=DATA    S=_DATA    G=DGROUP   M=C:\PROGRAM FILES\BORLAND\CBUILDER6\LIB\CW32.LIB|_umask ACBP=A9
 0002:0000270C 00000004 C=DATA    S=_DATA    G=DGROUP   M=C:\PROGRAM FILES\BORLAND\CBUILDER6\LIB\CW32.LIB|cfinfo ACBP=A9
 0002:00002710 000004B0 C=DATA    S=_DATA    G=DGROUP   M=C:\PROGRAM FILES\BORLAND\CBUILDER6\LIB\CW32.LIB|files ACBP=A9
 0002:00002BC0 000000CC C=DATA    S=_DATA    G=DGROUP   M=C:\PROGRAM FILES\BORLAND\CBUILDER6\LIB\CW32.LIB|files2 ACBP=A9
 0002:00002C8C 00000004 C=DATA    S=_DATA    G=DGROUP   M=C:\PROGRAM FILES\BORLAND\CBUILDER6\LIB\CW32.LIB|fmode ACBP=A9
 0002:00002C90 00000004 C=DATA    S=_DATA    G=DGROUP   M=C:\PROGRAM FILES\BORLAND\CBUILDER6\LIB\CW32.LIB|fmodeptr ACBP=A9
 0002:00002C94 0000012B C=DATA    S=_DATA    G=DGROUP   M=C:\PROGRAM FILES\BORLAND\CBUILDER6\LIB\CW32.LIB|ioerror ACBP=A9
 0002:00002DC0 0000000C C=DATA    S=_DATA    G=DGROUP   M=C:\PROGRAM FILES\BORLAND\CBUILDER6\LIB\CW32.LIB|mkname ACBP=A9
 0002:00002DCC 0000047C C=DATA    S=_DATA    G=DGROUP   M=C:\PROGRAM FILES\BORLAND\CBUILDER6\LIB\CW32.LIB|perror ACBP=A9
 0002:00003248 00000076 C=DATA    S=_DATA    G=DGROUP   M=C:\PROGRAM FILES\BORLAND\CBUILDER6\LIB\CW32.LIB|vprinter ACBP=A9
 0002:000032C0 00000202 C=DATA    S=_DATA    G=DGROUP   M=C:\PROGRAM FILES\BORLAND\CBUILDER6\LIB\CW32.LIB|bigctype ACBP=A9
 0002:000034C4 00000100 C=DATA    S=_DATA    G=DGROUP   M=C:\PROGRAM FILES\BORLAND\CBUILDER6\LIB\CW32.LIB|cupper ACBP=A9
 0002:000035C4 00000260 C=DATA    S=_DATA    G=DGROUP   M=C:\PROGRAM FILES\BORLAND\CBUILDER6\LIB\CW32.LIB|clocale ACBP=A9
 0002:00003824 000000C0 C=DATA    S=_DATA    G=DGROUP   M=C:\PROGRAM FILES\BORLAND\CBUILDER6\LIB\CW32.LIB|_pow10 ACBP=A9
 0002:000038E4 00000068 C=DATA    S=_DATA    G=DGROUP   M=C:\PROGRAM FILES\BORLAND\CBUILDER6\LIB\CW32.LIB|cvtfak ACBP=A9
 0002:0000394C 00000068 C=DATA    S=_DATA    G=DGROUP   M=C:\PROGRAM FILES\BORLAND\CBUILDER6\LIB\CW32.LIB|cvtfakw ACBP=A9
 0002:000039B4 00000004 C=DATA    S=_DATA    G=DGROUP   M=C:\PROGRAM FILES\BORLAND\CBUILDER6\LIB\CW32.LIB|deflt87 ACBP=A9
 0002:000039B8 0000007C C=DATA    S=_DATA    G=DGROUP   M=C:\PROGRAM FILES\BORLAND\CBUILDER6\LIB\CW32.LIB|hugeval ACBP=A9
 0002:00003A34 00000008 C=DATA    S=_DATA    G=DGROUP   M=C:\PROGRAM FILES\BORLAND\CBUILDER6\LIB\CW32.LIB|initcvt ACBP=A9
 0002:00003A3C 00000008 C=DATA    S=_DATA    G=DGROUP   M=C:\PROGRAM FILES\BORLAND\CBUILDER6\LIB\CW32.LIB|mathptr ACBP=A9
 0002:00003A44 00000014 C=DATA    S=_DATA    G=DGROUP   M=C:\PROGRAM FILES\BORLAND\CBUILDER6\LIB\CW32.LIB|realcvt ACBP=A9
 0002:00003A58 00000028 C=DATA    S=_DATA    G=DGROUP   M=C:\PROGRAM FILES\BORLAND\CBUILDER6\LIB\CW32.LIB|realcvtw ACBP=A9
 0002:00003A80 00000028 C=DATA    S=_DATA    G=DGROUP   M=C:\PROGRAM FILES\BORLAND\CBUILDER6\LIB\CW32.LIB|scantod ACBP=A9
 0002:00003AA8 00000028 C=DATA    S=_DATA    G=DGROUP   M=C:\PROGRAM FILES\BORLAND\CBUILDER6\LIB\CW32.LIB|scanwtod ACBP=A9
 0002:00003AD0 00000048 C=DATA    S=_DATA    G=DGROUP   M=C:\PROGRAM FILES\BORLAND\CBUILDER6\LIB\CW32.LIB|mbctype ACBP=A9
 0002:00003B18 00000024 C=DATA    S=_DATA    G=DGROUP   M=C:\PROGRAM FILES\BORLAND\CBUILDER6\LIB\CW32.LIB|assert ACBP=A9
 0002:00003B3C 00000024 C=DATA    S=_DATA    G=DGROUP   M=C:\PROGRAM FILES\BORLAND\CBUILDER6\LIB\CW32.LIB|ermsghlp ACBP=A9
 0002:00003B60 00000004 C=DATA    S=_DATA    G=DGROUP   M=C:\PROGRAM FILES\BORLAND\CBUILDER6\LIB\CW32.LIB|errno ACBP=A9
 0002:00003B64 00000010 C=DATA    S=_DATA    G=DGROUP   M=C:\PROGRAM FILES\BORLAND\CBUILDER6\LIB\CW32.LIB|errormsg ACBP=A9
 0002:00003B74 00000028 C=DATA    S=_DATA    G=DGROUP   M=C:\PROGRAM FILES\BORLAND\CBUILDER6\LIB\CW32.LIB|platform ACBP=A9
 0002:00003B9C 00000020 C=DATA    S=_DATA    G=DGROUP   M=C:\PROGRAM FILES\BORLAND\CBUILDER6\LIB\CW32.LIB|abort ACBP=A9
 0002:00003BBC 00000004 C=DATA    S=_DATA    G=DGROUP   M=C:\PROGRAM FILES\BORLAND\CBUILDER6\LIB\CW32.LIB|patexit ACBP=A9
 0002:00003BC0 0000000C C=DATA    S=_DATA    G=DGROUP   M=C:\PROGRAM FILES\BORLAND\CBUILDER6\LIB\CW32.LIB|exit ACBP=A9
 0002:00003BCC 00000008 C=DATA    S=_DATA    G=DGROUP   M=C:\PROGRAM FILES\BORLAND\CBUILDER6\LIB\CW32.LIB|saptr ACBP=A9
 0002:00003BD4 00000008 C=DATA    S=_DATA    G=DGROUP   M=C:\PROGRAM FILES\BORLAND\CBUILDER6\LIB\CW32.LIB|wsaptr ACBP=A9
 0002:00003BDC 00000054 C=DATA    S=_DATA    G=DGROUP   M=C:\PROGRAM FILES\BORLAND\CBUILDER6\LIB\CW32.LIB|setargv ACBP=A9
 0002:00003C30 00000028 C=DATA    S=_DATA    G=DGROUP   M=C:\PROGRAM FILES\BORLAND\CBUILDER6\LIB\CW32.LIB|hsargv ACBP=A9
 0002:00003C58 00000024 C=DATA    S=_DATA    G=DGROUP   M=C:\PROGRAM FILES\BORLAND\CBUILDER6\LIB\CW32.LIB|whsargv ACBP=A9
 0002:00003C7C 00000004 C=DATA    S=_DATA    G=DGROUP   M=C:\PROGRAM FILES\BORLAND\CBUILDER6\LIB\CW32.LIB|srchenv ACBP=A9
 0002:00003C80 00000004 C=DATA    S=_DATA    G=DGROUP   M=C:\PROGRAM FILES\BORLAND\CBUILDER6\LIB\CW32.LIB|srchstr ACBP=A9
 0002:00003C84 00000004 C=DATA    S=_DATA    G=DGROUP   M=C:\PROGRAM FILES\BORLAND\CBUILDER6\LIB\CW32.LIB|wildptr ACBP=A9
 0002:00003C88 00000004 C=DATA    S=_DATA    G=DGROUP   M=C:\PROGRAM FILES\BORLAND\CBUILDER6\LIB\CW32.LIB|wwildptr ACBP=A9
 0002:00003C8C 00000020 C=DATA    S=_DATA    G=DGROUP   M=C:\PROGRAM FILES\BORLAND\CBUILDER6\LIB\CW32.LIB|setargv0 ACBP=A9
 0002:00003CAC 00000030 C=DATA    S=_DATA    G=DGROUP   M=C:\PROGRAM FILES\BORLAND\CBUILDER6\LIB\CW32.LIB|loadprog ACBP=A9
 0002:00003CDC 00000054 C=DATA    S=_DATA    G=DGROUP   M=C:\PROGRAM FILES\BORLAND\CBUILDER6\LIB\CW32.LIB|setenvp ACBP=A9
 0002:00003D30 0000005E C=DATA    S=_DATA    G=DGROUP   M=C:\PROGRAM FILES\BORLAND\CBUILDER6\LIB\CW32.LIB|signal ACBP=A9
 0002:00003D90 0000001C C=DATA    S=_DATA    G=DGROUP   M=C:\PROGRAM FILES\BORLAND\CBUILDER6\LIB\CW32.LIB|system ACBP=A9
 0002:00003DAC 00000004 C=DATA    S=_DATA    G=DGROUP   M=C:\PROGRAM FILES\BORLAND\CBUILDER6\LIB\CW32.LIB|_cwait ACBP=A9
 0002:00003DB0 00000004 C=DATA    S=_DATA    G=DGROUP   M=C:\PROGRAM FILES\BORLAND\CBUILDER6\LIB\CW32.LIB|globals ACBP=A9
 0002:00003DB4 00000004 C=DATA    S=_DATA    G=DGROUP   M=C:\PROGRAM FILES\BORLAND\CBUILDER6\LIB\CW32.LIB|initexit ACBP=A9
 0002:00003DB8 000001C4 C=DATA    S=_DATA    G=DGROUP   M=C:\PROGRAM FILES\BORLAND\CBUILDER6\LIB\CW32.LIB|timedata ACBP=A9
 0002:00003F7C 00000008 C=DATA    S=_DATA    G=DGROUP   M=C:\PROGRAM FILES\BORLAND\CBUILDER6\LIB\CW32.LIB|tzdata ACBP=A9
 0002:00003F84 00000010 C=DATA    S=_DATA    G=DGROUP   M=C:\PROGRAM FILES\BORLAND\CBUILDER6\LIB\CW32.LIB|tzset ACBP=A9
 0002:00003F94 0000088C C=DATA    S=_DATA    G=DGROUP   M=C:\PROGRAM FILES\BORLAND\CBUILDER6\LIB\CW32.LIB|xx ACBP=A9
 0002:00004820 00000E60 C=DATA    S=_DATA    G=DGROUP   M=C:\PROGRAM FILES\BORLAND\CBUILDER6\LIB\STLP.LIB|dll_main ACBP=A9
 0002:00005678 000003C4 C=DATA    S=_DATA    G=DGROUP   M=C:\PROGRAM FILES\BORLAND\CBUILDER6\LIB\STLP.LIB|ios ACBP=A9
 0002:00005A34 000001F0 C=DATA    S=_DATA    G=DGROUP   M=C:\PROGRAM FILES\BORLAND\CBUILDER6\LIB\STLP.LIB|streambuf ACBP=A9
 0002:00005C24 0000015C C=DATA    S=_DATA    G=DGROUP   M=C:\PROGRAM FILES\BORLAND\CBUILDER6\LIB\STLP.LIB|stdio_streambuf ACBP=A9
 0002:00005D80 00000834 C=DATA    S=_DATA    G=DGROUP   M=C:\PROGRAM FILES\BORLAND\CBUILDER6\LIB\STLP.LIB|iostream ACBP=A9
 0002:000065AC 00000008 C=DATA    S=_DATA    G=DGROUP   M=C:\PROGRAM FILES\BORLAND\CBUILDER6\LIB\STLP.LIB|ostream ACBP=A9
 0002:000065AC 00000050 C=DATA    S=_DATA    G=DGROUP   M=C:\PROGRAM FILES\BORLAND\CBUILDER6\LIB\STLP.LIB|fstream ACBP=A9
 0002:000065B8 000001BC C=DATA    S=_DATA    G=DGROUP   M=C:\PROGRAM FILES\BORLAND\CBUILDER6\LIB\STLP.LIB|sstream ACBP=A9
 0002:00006774 000000A0 C=DATA    S=_DATA    G=DGROUP   M=C:\PROGRAM FILES\BORLAND\CBUILDER6\LIB\STLP.LIB|codecvt ACBP=A9
 0002:00006814 00000138 C=DATA    S=_DATA    G=DGROUP   M=C:\PROGRAM FILES\BORLAND\CBUILDER6\LIB\STLP.LIB|collate ACBP=A9
 0002:00006944 000006F0 C=DATA    S=_DATA    G=DGROUP   M=C:\PROGRAM FILES\BORLAND\CBUILDER6\LIB\STLP.LIB|ctype ACBP=A9
 0002:00007034 0000151C C=DATA    S=_DATA    G=DGROUP   M=C:\PROGRAM FILES\BORLAND\CBUILDER6\LIB\STLP.LIB|monetary ACBP=A9
 0002:00008548 00000454 C=DATA    S=_DATA    G=DGROUP   M=C:\PROGRAM FILES\BORLAND\CBUILDER6\LIB\STLP.LIB|num_get ACBP=A9
 0002:00008994 0000033C C=DATA    S=_DATA    G=DGROUP   M=C:\PROGRAM FILES\BORLAND\CBUILDER6\LIB\STLP.LIB|num_get_float ACBP=A9
 0002:00008CC0 000002D8 C=DATA    S=_DATA    G=DGROUP   M=C:\PROGRAM FILES\BORLAND\CBUILDER6\LIB\STLP.LIB|num_put ACBP=A9
 0002:00008F90 00000020 C=DATA    S=_DATA    G=DGROUP   M=C:\PROGRAM FILES\BORLAND\CBUILDER6\LIB\STLP.LIB|num_put_float ACBP=A9
 0002:00008FB0 000002F0 C=DATA    S=_DATA    G=DGROUP   M=C:\PROGRAM FILES\BORLAND\CBUILDER6\LIB\STLP.LIB|numpunct ACBP=A9
 0002:00009298 00000458 C=DATA    S=_DATA    G=DGROUP   M=C:\PROGRAM FILES\BORLAND\CBUILDER6\LIB\STLP.LIB|time_facets ACBP=A9
 0002:000096E8 000000AC C=DATA    S=_DATA    G=DGROUP   M=C:\PROGRAM FILES\BORLAND\CBUILDER6\LIB\STLP.LIB|locale ACBP=A9
 0002:0000978C 0000090C C=DATA    S=_DATA    G=DGROUP   M=C:\PROGRAM FILES\BORLAND\CBUILDER6\LIB\STLP.LIB|locale_catalog ACBP=A9
 0002:0000A090 000006B4 C=DATA    S=_DATA    G=DGROUP   M=C:\PROGRAM FILES\BORLAND\CBUILDER6\LIB\STLP.LIB|locale_impl ACBP=A9
 0003:00000000 00000008 C=BSS     S=_BSS     G=DGROUP   M=C:\PROGRAM FILES\BORLAND\CBUILDER6\LIB\CW32.LIB|setnew ACBP=A9
 0003:00000008 00000018 C=BSS     S=_BSS     G=DGROUP   M=C:\PROGRAM FILES\BORLAND\CBUILDER6\LIB\CW32.LIB|hrdir_b ACBP=A9
 0003:00000020 00000008 C=BSS     S=_BSS     G=DGROUP   M=C:\PROGRAM FILES\BORLAND\CBUILDER6\LIB\CW32.LIB|predecl ACBP=A9
 0003:00000028 00000008 C=BSS     S=_BSS     G=DGROUP   M=C:\PROGRAM FILES\BORLAND\CBUILDER6\LIB\CW32.LIB|rwlocale ACBP=A9
 0003:0000002C 00000408 C=BSS     S=_BSS     G=DGROUP   M=C:\PROGRAM FILES\BORLAND\CBUILDER6\LIB\CW32.LIB|xxtype ACBP=A9
 0003:00000434 00000008 C=BSS     S=_BSS     G=DGROUP   M=C:\PROGRAM FILES\BORLAND\CBUILDER6\LIB\CW32.LIB|xxv ACBP=A9
 0003:0000043C 00000008 C=BSS     S=_BSS     G=DGROUP   M=C:\PROGRAM FILES\BORLAND\CBUILDER6\LIB\CW32.LIB|except ACBP=A9
 0003:00000444 00000190 C=BSS     S=_BSS     G=DGROUP   M=C:\PROGRAM FILES\BORLAND\CBUILDER6\LIB\CW32.LIB|files2 ACBP=A9
 0003:000005D4 00000004 C=BSS     S=_BSS     G=DGROUP   M=C:\PROGRAM FILES\BORLAND\CBUILDER6\LIB\CW32.LIB|ioerror ACBP=A9
 0003:000005D8 00000001 C=BSS     S=_BSS     G=DGROUP   M=C:\PROGRAM FILES\BORLAND\CBUILDER6\LIB\CW32.LIB|lgetc ACBP=A9
 0003:000005DC 0000000F C=BSS     S=_BSS     G=DGROUP   M=C:\PROGRAM FILES\BORLAND\CBUILDER6\LIB\CW32.LIB|mkname ACBP=A9
 0003:000005EC 0000002A C=BSS     S=_BSS     G=DGROUP   M=C:\PROGRAM FILES\BORLAND\CBUILDER6\LIB\CW32.LIB|efcvt ACBP=A9
 0003:00000618 00000108 C=BSS     S=_BSS     G=DGROUP   M=C:\PROGRAM FILES\BORLAND\CBUILDER6\LIB\CW32.LIB|mbctype ACBP=A9
 0003:00000720 00000100 C=BSS     S=_BSS     G=DGROUP   M=C:\PROGRAM FILES\BORLAND\CBUILDER6\LIB\CW32.LIB|assert ACBP=A9
 0003:00000820 00000019 C=BSS     S=_BSS     G=DGROUP   M=C:\PROGRAM FILES\BORLAND\CBUILDER6\LIB\CW32.LIB|ermsghlp ACBP=A9
 0003:0000083C 00000004 C=BSS     S=_BSS     G=DGROUP   M=C:\PROGRAM FILES\BORLAND\CBUILDER6\LIB\CW32.LIB|platform ACBP=A9
 0003:00000840 0000000C C=BSS     S=_BSS     G=DGROUP   M=C:\PROGRAM FILES\BORLAND\CBUILDER6\LIB\CW32.LIB|setargv ACBP=A9
 0003:0000084C 00000004 C=BSS     S=_BSS     G=DGROUP   M=C:\PROGRAM FILES\BORLAND\CBUILDER6\LIB\CW32.LIB|hsargv ACBP=A9
 0003:00000850 00000004 C=BSS     S=_BSS     G=DGROUP   M=C:\PROGRAM FILES\BORLAND\CBUILDER6\LIB\CW32.LIB|whsargv ACBP=A9
 0003:00000854 00000010 C=BSS     S=_BSS     G=DGROUP   M=C:\PROGRAM FILES\BORLAND\CBUILDER6\LIB\CW32.LIB|setenvp ACBP=A9
 0003:00000864 00000200 C=BSS     S=_BSS     G=DGROUP   M=C:\PROGRAM FILES\BORLAND\CBUILDER6\LIB\CW32.LIB|_cwait ACBP=A9
 0003:00000A64 00000040 C=BSS     S=_BSS     G=DGROUP   M=C:\PROGRAM FILES\BORLAND\CBUILDER6\LIB\CW32.LIB|globals ACBP=A9
 0003:00000AA4 00000008 C=BSS     S=_BSS     G=DGROUP   M=C:\PROGRAM FILES\BORLAND\CBUILDER6\LIB\CW32.LIB|tzset ACBP=A9
 0003:00000AAC 00000010 C=BSS     S=_BSS     G=DGROUP   M=C:\PROGRAM FILES\BORLAND\CBUILDER6\LIB\CW32.LIB|xx ACBP=A9
 0003:00000ABC 00000420 C=BSS     S=_BSS     G=DGROUP   M=C:\PROGRAM FILES\BORLAND\CBUILDER6\LIB\STLP.LIB|iostream ACBP=A9
 0003:00000EDC 00000030 C=BSS     S=_BSS     G=DGROUP   M=C:\PROGRAM FILES\BORLAND\CBUILDER6\LIB\STLP.LIB|monetary ACBP=A9
 0003:00000F0C 00000090 C=BSS     S=_BSS     G=DGROUP   M=C:\PROGRAM FILES\BORLAND\CBUILDER6\LIB\STLP.LIB|numpunct ACBP=A9
 0003:00000F9C 00000008 C=BSS     S=_BSS     G=DGROUP   M=C:\PROGRAM FILES\BORLAND\CBUILDER6\LIB\STLP.LIB|locale ACBP=A9
 0003:00000FA4 00000030 C=BSS     S=_BSS     G=DGROUP   M=C:\PROGRAM FILES\BORLAND\CBUILDER6\LIB\STLP.LIB|locale_catalog ACBP=A9
 0003:00000FD4 00001364 C=BSS     S=_BSS     G=DGROUP   M=C:\PROGRAM FILES\BORLAND\CBUILDER6\LIB\STLP.LIB|locale_impl ACBP=A9
 0004:00000000 0000009C C=TLS     S=_TLS     G=DGROUP   M=C:\PROGRAM FILES\BORLAND\CBUILDER6\LIB\CW32.LIB|xxv ACBP=A9

 Address Publics by Name

 0001:00003F20  @$bdele$qpv
 0001:00003F30  @$bdla$qpv
 0001:00003F54  @$bnew$qui
 0001:000040F8  @$bnwa$qui
 0001:00000E84  @$xt$11_STL@locale
 0001:00035C74  @$xt$123_STL@%hash_map$pxc16_STL@%pair$pvui%15_STL@%hash$pxc%12_STL@__eqstr53_STL@%allocator$34_STL@%pair$xpxc16_STL@%pair$pvui%%%%
 0001:000054DC  @$xt$12std@bad_cast
 0001:00003B18  @$xt$13_STL@ios_base
 0001:00003FE4  @$xt$13std@bad_alloc
 0001:00004094  @$xt$13std@exception
 0001:00007294  @$xt$13std@type_info
 0001:00019208  @$xt$14_STL@%ctype$b%
 0001:00019274  @$xt$14_STL@%ctype$c%
 0001:00036D78  @$xt$14_STL@time_base
 0001:00005534  @$xt$14std@bad_typeid
 0001:000072E0  @$xt$14type_info_hash
 0001:00036D98  @$xt$15_STL@_Time_Info
 0001:000192DC  @$xt$15_STL@ctype_base
 0001:00023A84  @$xt$15_STL@money_base
 0001:000370B8  @$xt$168_STL@%_STLP_alloc_proxy$ui59_STL@%_Hashtable_node$34_STL@%pair$xpxc16_STL@%pair$pvui%%%78_STL@%allocator$59_STL@%_Hashtable_node$34_STL@%pair$xpxc16_STL@%pair$pvui%%%%%
 0001:000188D8  @$xt$16_STL@%collate$b%
 0001:00018938  @$xt$16_STL@%collate$c%
 0001:00003DF0  @$xt$16_STL@_STLP_mutex
 0001:0001237C  @$xt$16_STL@logic_error
 0001:00030EB4  @$xt$17_STL@%numpunct$b%
 0001:00030F14  @$xt$17_STL@%numpunct$c%
 0001:00034918  @$xt$17_STL@_Locale_impl
 0001:000184B0  @$xt$17_STL@codecvt_base
 0001:0001138C  @$xt$17_STL@length_error
 0001:00018454  @$xt$17_STL@locale@facet
 0001:00017504  @$xt$18_STL@%allocator$b%
 0001:00003D9C  @$xt$18_STL@%allocator$c%
 0001:00015078  @$xt$18_STL@ios_base@Init
 0001:00036E28  @$xt$198_STL@%hashtable$34_STL@%pair$xpxc16_STL@%pair$pvui%%pxc15_STL@%hash$pxc%54_STL@%_Select1st$34_STL@%pair$xpxc16_STL@%pair$pvui%%%12_STL@__eqstr53_STL@%allocator$34_STL@%pair$xpxc16_STL@%pair$pvui%%%%
 0001:0001195C  @$xt$19_STL@%allocator$pv%
 0001:000184D4  @$xt$19_STL@_Refcount_Base
 0001:00006228  @$xt$19__rwstd@ref_counted
 0001:000128A0  @$xt$20_STL@_STLP_auto_lock
 0001:00003ECC  @$xt$21_STL@_STLP_mutex_base
 0001:00012A18  @$xt$21_STL@ios_base@failure
 0001:00013FB0  @$xt$21_SgI@stdio_istreambuf
 0001:00013F50  @$xt$21_SgI@stdio_ostreambuf
 0001:000123D8  @$xt$22_STL@__Named_exception
 0001:00015020  @$xt$23_STL@ios_base@_Loc_init
 0001:000238C4  @$xt$24_STL@%moneypunct$bo$i0$%
 0001:00023934  @$xt$24_STL@%moneypunct$bo$i1$%
 0001:000239A4  @$xt$24_STL@%moneypunct$co$i0$%
 0001:00023A14  @$xt$24_STL@%moneypunct$co$i1$%
 0001:00016148  @$xt$25_STL@%_Filebuf_Tmp_Buf$b%
 0001:000031B0  @$xt$25_STL@%_Filebuf_Tmp_Buf$c%
 0001:00003E74  @$xt$25_STL@_STLP_mutex_indirect
 0001:00014010  @$xt$25_SgI@stdio_streambuf_base
 0001:00010EB0  @$xt$34_STL@%_Node_Alloc_Lock$o$i1$i$i0$%
 0001:00018354  @$xt$34_STL@%codecvt$bc15__stl_mbstate_t%
 0001:000183D4  @$xt$34_STL@%codecvt$cc15__stl_mbstate_t%
 0001:00035C0C  @$xt$34_STL@%pair$xpxc16_STL@%pair$pvui%%
 0001:000118E4  @$xt$37_STL@%vector$pv19_STL@%allocator$pv%%
 0001:00012FE0  @$xt$40_STL@%basic_ios$b20_STL@%char_traits$b%%
 0001:00001F00  @$xt$40_STL@%basic_ios$c20_STL@%char_traits$c%%
 0001:00017CE0  @$xt$41_STL@%_String_base$b18_STL@%allocator$b%%
 0001:00001D94  @$xt$41_STL@%_String_base$c18_STL@%allocator$c%%
 0001:00012304  @$xt$43_STL@%_Vector_base$pv19_STL@%allocator$pv%%
 0001:00015250  @$xt$44_STL@%basic_filebuf$b20_STL@%char_traits$b%%
 0001:00001E08  @$xt$44_STL@%basic_filebuf$c20_STL@%char_traits$c%%
 0001:00015150  @$xt$44_STL@%basic_istream$b20_STL@%char_traits$b%%
 0001:000151D4  @$xt$44_STL@%basic_istream$c20_STL@%char_traits$c%%
 0001:000150CC  @$xt$44_STL@%basic_ostream$b20_STL@%char_traits$b%%
 0001:00001E84  @$xt$44_STL@%basic_ostream$c20_STL@%char_traits$c%%
 0001:00000964  @$xt$45_STL@%basic_ofstream$c20_STL@%char_traits$c%%
 0001:000139DC  @$xt$46_STL@%basic_streambuf$b20_STL@%char_traits$b%%
 0001:00003B74  @$xt$46_STL@%basic_streambuf$c20_STL@%char_traits$c%%
 0001:00017DE8  @$xt$48_STL@%_STLP_alloc_proxy$pbb18_STL@%allocator$b%%
 0001:00003BF8  @$xt$48_STL@%_STLP_alloc_proxy$pcc18_STL@%allocator$c%%
 0001:00012570  @$xt$51_STL@%_STLP_alloc_proxy$ppvpv19_STL@%allocator$pv%%
 0001:0000185C  @$xt$51_STL@%basic_ostream$c20_STL@%char_traits$c%%@sentry
 0001:00034D3C  @$xt$53_STL@%allocator$34_STL@%pair$xpxc16_STL@%pair$pvui%%%
 0001:00005CDC  @$xt$60std@%basic_string$b19std@%char_traits$b%17std@%allocator$b%%
 0001:00005C30  @$xt$60std@%basic_string$c19std@%char_traits$c%17std@%allocator$c%%
 0001:00017C28  @$xt$63_STL@%basic_string$b20_STL@%char_traits$b%18_STL@%allocator$b%%
 0001:0000138C  @$xt$63_STL@%basic_string$c20_STL@%char_traits$c%18_STL@%allocator$c%%
 0001:00035A3C  @$xt$68_STL@%num_get$b50_STL@%istreambuf_iterator$b20_STL@%char_traits$b%%%
 0001:00035B74  @$xt$68_STL@%num_get$c50_STL@%istreambuf_iterator$c20_STL@%char_traits$c%%%
 0001:0003599C  @$xt$68_STL@%num_put$b50_STL@%ostreambuf_iterator$b20_STL@%char_traits$b%%%
 0001:00035ADC  @$xt$68_STL@%num_put$c50_STL@%ostreambuf_iterator$c20_STL@%char_traits$c%%%
 0001:00035E24  @$xt$69_STL@%time_get$b50_STL@%istreambuf_iterator$b20_STL@%char_traits$b%%%
 0001:00035F84  @$xt$69_STL@%time_get$c50_STL@%istreambuf_iterator$c20_STL@%char_traits$c%%%
 0001:00035D70  @$xt$69_STL@%time_put$b50_STL@%ostreambuf_iterator$b20_STL@%char_traits$b%%%
 0001:00035ED8  @$xt$69_STL@%time_put$c50_STL@%ostreambuf_iterator$c20_STL@%char_traits$c%%%
 0001:00035638  @$xt$70_STL@%money_get$b50_STL@%istreambuf_iterator$b20_STL@%char_traits$b%%%
 0001:00035774  @$xt$70_STL@%money_get$c50_STL@%istreambuf_iterator$c20_STL@%char_traits$c%%%
 0001:00035594  @$xt$70_STL@%money_put$b50_STL@%ostreambuf_iterator$b20_STL@%char_traits$b%%%
 0001:000356DC  @$xt$70_STL@%money_put$c50_STL@%ostreambuf_iterator$c20_STL@%char_traits$c%%%
 0001:00034DCC  @$xt$78_STL@%allocator$59_STL@%_Hashtable_node$34_STL@%pair$xpxc16_STL@%pair$pvui%%%%
 0001:0003743C  @$xt$a14$63_STL@%basic_string$c20_STL@%char_traits$c%18_STL@%allocator$c%%
 0001:00037484  @$xt$a2$63_STL@%basic_string$c20_STL@%char_traits$c%18_STL@%allocator$c%%
 0001:000061D8  @$xt$a2$p19__rwstd@ref_counted
 0001:00014354  @$xt$a2$p44_STL@%basic_filebuf$b20_STL@%char_traits$b%%
 0001:00014248  @$xt$a2$p44_STL@%basic_filebuf$c20_STL@%char_traits$c%%
 0001:00014FD8  @$xt$a2$p44_STL@%basic_istream$b20_STL@%char_traits$b%%
 0001:00014F68  @$xt$a2$p44_STL@%basic_istream$c20_STL@%char_traits$c%%
 0001:00014FFC  @$xt$a2$p44_STL@%basic_ostream$b20_STL@%char_traits$b%%
 0001:00014F8C  @$xt$a2$p44_STL@%basic_ostream$c20_STL@%char_traits$c%%
 0001:00014FB0  @$xt$a2$p46_STL@%basic_streambuf$b20_STL@%char_traits$b%%
 0001:00014F40  @$xt$a2$p46_STL@%basic_streambuf$c20_STL@%char_traits$c%%
 0001:00037460  @$xt$a24$63_STL@%basic_string$c20_STL@%char_traits$c%18_STL@%allocator$c%%
 0001:0000141C  @$xt$p11_STL@locale
 0001:00034D18  @$xt$p123_STL@%hash_map$pxc16_STL@%pair$pvui%15_STL@%hash$pxc%12_STL@__eqstr53_STL@%allocator$34_STL@%pair$xpxc16_STL@%pair$pvui%%%%
 0001:00012B94  @$xt$p13_STL@ios_base
 0001:0000407C  @$xt$p13std@bad_alloc
 0001:00018BE4  @$xt$p14_STL@%ctype$b%
 0001:00018A20  @$xt$p14_STL@%ctype$c%
 0001:0001874C  @$xt$p16_STL@%collate$b%
 0001:00018574  @$xt$p16_STL@%collate$c%
 0001:000115CC  @$xt$p16_STL@logic_error
 0001:00030DB8  @$xt$p17_STL@%numpunct$b%
 0001:00030D34  @$xt$p17_STL@%numpunct$c%
 0001:000378F8  @$xt$p17_STL@_Locale_impl
 0001:0001164C  @$xt$p17_STL@length_error
 0001:00014134  @$xt$p18_STL@ios_base@Init
 0001:00037548  @$xt$p198_STL@%hashtable$34_STL@%pair$xpxc16_STL@%pair$pvui%%pxc15_STL@%hash$pxc%54_STL@%_Select1st$34_STL@%pair$xpxc16_STL@%pair$pvui%%%12_STL@__eqstr53_STL@%allocator$34_STL@%pair$xpxc16_STL@%pair$pvui%%%%
 0001:00006204  @$xt$p19__rwstd@ref_counted
 0001:0001277C  @$xt$p21_STL@ios_base@failure
 0001:00013CE8  @$xt$p21_SgI@stdio_istreambuf
 0001:00013E8C  @$xt$p21_SgI@stdio_ostreambuf
 0001:000114BC  @$xt$p22_STL@__Named_exception
 0001:00038414  @$xt$p23_STL@ios_base@_Loc_init
 0001:00019BD4  @$xt$p24_STL@%moneypunct$bo$i0$%
 0001:000199A0  @$xt$p24_STL@%moneypunct$bo$i1$%
 0001:00019778  @$xt$p24_STL@%moneypunct$co$i0$%
 0001:00019550  @$xt$p24_STL@%moneypunct$co$i1$%
 0001:00003CE0  @$xt$p25_STL@%_Filebuf_Tmp_Buf$c%
 0001:00013AB4  @$xt$p25_SgI@stdio_streambuf_base
 0001:00018104  @$xt$p34_STL@%codecvt$bc15__stl_mbstate_t%
 0001:00017FDC  @$xt$p34_STL@%codecvt$cc15__stl_mbstate_t%
 0001:000350FC  @$xt$p34_STL@%pair$xpxc16_STL@%pair$pvui%%
 0001:00012510  @$xt$p37_STL@%vector$pv19_STL@%allocator$pv%%
 0001:00012C8C  @$xt$p40_STL@%basic_ios$b20_STL@%char_traits$b%%
 0001:00000B60  @$xt$p40_STL@%basic_ios$c20_STL@%char_traits$c%%
 0001:00017F00  @$xt$p41_STL@%_String_base$b18_STL@%allocator$b%%
 0001:0000210C  @$xt$p41_STL@%_String_base$c18_STL@%allocator$c%%
 0001:000126B8  @$xt$p43_STL@%_Vector_base$pv19_STL@%allocator$pv%%
 0001:00014334  @$xt$p44_STL@%basic_filebuf$b20_STL@%char_traits$b%%
 0001:00000E6C  @$xt$p44_STL@%basic_filebuf$c20_STL@%char_traits$c%%
 0001:00014A38  @$xt$p44_STL@%basic_istream$b20_STL@%char_traits$b%%
 0001:00014A1C  @$xt$p44_STL@%basic_istream$c20_STL@%char_traits$c%%
 0001:00014A58  @$xt$p44_STL@%basic_ostream$b20_STL@%char_traits$b%%
 0001:00000C8C  @$xt$p44_STL@%basic_ostream$c20_STL@%char_traits$c%%
 0001:00000A3C  @$xt$p45_STL@%basic_ofstream$c20_STL@%char_traits$c%%
 0001:00013654  @$xt$p46_STL@%basic_streambuf$b20_STL@%char_traits$b%%
 0001:00013170  @$xt$p46_STL@%basic_streambuf$c20_STL@%char_traits$c%%
 0001:00002024  @$xt$p51_STL@%basic_ostream$c20_STL@%char_traits$c%%@sentry
 0001:00006130  @$xt$p60std@%basic_string$b19std@%char_traits$b%17std@%allocator$b%%
 0001:00005CB4  @$xt$p60std@%basic_string$c19std@%char_traits$c%17std@%allocator$c%%
 0001:000174E8  @$xt$p63_STL@%basic_string$b20_STL@%char_traits$b%18_STL@%allocator$b%%
 0001:00001F78  @$xt$p63_STL@%basic_string$c20_STL@%char_traits$c%18_STL@%allocator$c%%
 0001:00035334  @$xt$p68_STL@%num_get$b50_STL@%istreambuf_iterator$b20_STL@%char_traits$b%%%
 0001:0003527C  @$xt$p68_STL@%num_get$c50_STL@%istreambuf_iterator$c20_STL@%char_traits$c%%%
 0001:0003539C  @$xt$p68_STL@%num_put$b50_STL@%ostreambuf_iterator$b20_STL@%char_traits$b%%%
 0001:000352D8  @$xt$p68_STL@%num_put$c50_STL@%ostreambuf_iterator$c20_STL@%char_traits$c%%%
 0001:000358D4  @$xt$p69_STL@%time_get$b50_STL@%istreambuf_iterator$b20_STL@%char_traits$b%%%
 0001:0003593C  @$xt$p69_STL@%time_get$c50_STL@%istreambuf_iterator$c20_STL@%char_traits$c%%%
 0001:0003580C  @$xt$p69_STL@%time_put$b50_STL@%ostreambuf_iterator$b20_STL@%char_traits$b%%%
 0001:00035874  @$xt$p69_STL@%time_put$c50_STL@%ostreambuf_iterator$c20_STL@%char_traits$c%%%
 0001:000354C4  @$xt$p70_STL@%money_get$b50_STL@%istreambuf_iterator$b20_STL@%char_traits$b%%%
 0001:00035404  @$xt$p70_STL@%money_get$c50_STL@%istreambuf_iterator$c20_STL@%char_traits$c%%%
 0001:0003552C  @$xt$p70_STL@%money_put$b50_STL@%ostreambuf_iterator$b20_STL@%char_traits$b%%%
 0001:00035464  @$xt$p70_STL@%money_put$c50_STL@%ostreambuf_iterator$c20_STL@%char_traits$c%%%
 0001:000026A0  @%_BothPtrType$pct1%@_Ret$qv
 0002:00001F80  @@$cf$@__rwstd@%timepunct$b%@id
 0002:00001F78  @@$cf$@__rwstd@%timepunct$c%@id
 0002:00001EA8  @@$cf$@std@%basic_string$b19std@%char_traits$b%17std@%allocator$b%%@__nullref
 0002:00001E3C  @@$cf$@std@%basic_string$c19std@%char_traits$c%17std@%allocator$c%%@__nullref
 0002:000021C4  @@$cf$@std@%codecvt$bc13std@mbstate_t%@id
 0002:000021BC  @@$cf$@std@%codecvt$cc13std@mbstate_t%@id
 0002:00001F90  @@$cf$@std@%collate$b%@id
 0002:00001F88  @@$cf$@std@%collate$c%@id
 0002:00001FA0  @@$cf$@std@%messages$b%@id
 0002:00001F98  @@$cf$@std@%messages$c%@id
 0002:00001FB0  @@$cf$@std@%money_get$b48std@%istreambuf_iterator$b19std@%char_traits$b%%%@id
 0002:00001FA8  @@$cf$@std@%money_get$c48std@%istreambuf_iterator$c19std@%char_traits$c%%%@id
 0002:00001FC0  @@$cf$@std@%money_put$b48std@%ostreambuf_iterator$b19std@%char_traits$b%%%@id
 0002:00001FB8  @@$cf$@std@%money_put$c48std@%ostreambuf_iterator$c19std@%char_traits$c%%%@id
 0002:00001EE0  @@$cf$@std@%moneypunct$bo$i0$%@id
 0002:00001E94  @@$cf$@std@%moneypunct$bo$i1$%@id
 0002:00001E8C  @@$cf$@std@%moneypunct$co$i0$%@id
 0002:00001E84  @@$cf$@std@%moneypunct$co$i1$%@id
 0002:00001F60  @@$cf$@std@%num_get$b48std@%istreambuf_iterator$b19std@%char_traits$b%%%@id
 0002:00001F58  @@$cf$@std@%num_get$c48std@%istreambuf_iterator$c19std@%char_traits$c%%%@id
 0002:00001F70  @@$cf$@std@%num_put$b48std@%ostreambuf_iterator$b19std@%char_traits$b%%%@id
 0002:00001F68  @@$cf$@std@%num_put$c48std@%ostreambuf_iterator$c19std@%char_traits$c%%%@id
 0002:00001E7C  @@$cf$@std@%numpunct$b%@id
 0002:00001E74  @@$cf$@std@%numpunct$c%@id
 0002:00001FD0  @@$cf$@std@%time_get$b48std@%istreambuf_iterator$b19std@%char_traits$b%%%@id
 0002:00001FC8  @@$cf$@std@%time_get$c48std@%istreambuf_iterator$c19std@%char_traits$c%%%@id
 0002:00001FE0  @@$cf$@std@%time_put$b48std@%ostreambuf_iterator$b19std@%char_traits$b%%%@id
 0002:00001FD8  @@$cf$@std@%time_put$c48std@%ostreambuf_iterator$c19std@%char_traits$c%%%@id
 0003:000005EC  @B1236_1
 0003:00000618  @B1432_2
 0003:00000720  @B1568_2
 0003:00000820  @B1584_2
 0003:0000083C  @B1596_2
 0003:00000840  @B1678_2
 0003:0000084C  @B1680_2
 0003:00000850  @B1682_2
 0003:00000854  @B1754_2
 0003:00000864  @B1766_2
 0003:00000A64  @B1776_1
 0003:00000AA4  @B1816_2
 0003:00000000  @B186_2
 0003:00000AAC  @B1874_2
 0003:00000ABC  @B1889_2
 0003:00000EDC  @B1903_2
 0003:00000F0C  @B1913_2
 0003:00000F9C  @B1916_2
 0003:00000FA4  @B1918_2
 0003:00000FD4  @B1922_2
 0003:00000008  @B208_2
 0003:00000020  @B252_2
 0003:00000028  @B298_2
 0003:0000002C  @B522_2
 0003:00000434  @B526_2
 0003:0000043C  @B532_2
 0003:00000444  @B722_1
 0003:000005D4  @B800_2
 0003:000005D8  @B806_1
 0003:000005DC  @B824_2
 0001:0000A134  @C1004_0
 0001:0000A164  @C1006_0
 0001:0000A18C  @C1020_0
 0001:0000A1E0  @C1028_0
 0001:0000A2E4  @C1030_0
 0001:0000A3E8  @C1032_0
 0001:0000A42C  @C1034_0
 0001:0000A484  @C1076_0
 0001:0000A4D8  @C1080_0
 0001:0000A9A8  @C1132_0
 0001:0000ABA8  @C1142_0
 0001:0000ABD8  @C1146_0
 0001:0000ABF8  @C1150_0
 0001:0000AD34  @C1156_0
 0001:0000AD7C  @C1158_0
 0001:0000ADC8  @C1172_0
 0001:0000AF50  @C1196_0
 0001:0000AFC8  @C1208_0
 0001:0000AFDC  @C1222_0
 0001:0000B00C  @C1224_0
 0001:0000B024  @C1228_0
 0001:0000B03C  @C1230_0
 0001:0000B054  @C1236_0
 0001:0000B0C4  @C1270_0
 0001:0000B0DC  @C1278_0
 0001:0000B10C  @C1280_0
 0001:0000B130  @C1282_0
 0001:0000B144  @C1298_0
 0001:0000B1F8  @C1308_0
 0001:0000B310  @C1318_0
 0001:0000B3A0  @C1326_0
 0001:0000B418  @C1330_0
 0001:0000B444  @C1332_0
 0001:0000B474  @C1334_0
 0001:0000B48C  @C1356_0
 0001:0000B4B4  @C1358_0
 0001:0000B4E4  @C1362_0
 0001:0000B7E0  @C1364_0
 0001:0000BB14  @C1372_0
 0001:0000BFF8  @C1374_0
 0001:0000C4D8  @C1388_0
 0001:0000C4EC  @C1418_0
 0001:0000C7C0  @C1420_0
 0001:0000CAB4  @C1432_0
 0001:0000CBE0  @C1432_3
 0001:0000CBF0  @C1434_0
 0001:0000CC30  @C1436_0
 0001:0000CC4C  @C1454_0
 0001:0000CC68  @C1466_0
 0001:0000CCB8  @C1472_0
 0001:0000CD10  @C1474_0
 0001:0000CDAC  @C1492_0
 0001:0000CE00  @C1494_0
 0001:0000CEC0  @C1516_0
 0001:0000CF18  @C1568_0
 0001:0000CFC0  @C1584_0
 0001:0000D078  @C1588_0
 0001:0000D214  @C1596_0
 0001:0000D214  @C1596_3
 0001:0000D2A0  @C1616_0
 0001:0000D2C4  @C1654_0
 0001:0000D36C  @C1656_0
 0001:0000D3C4  @C1662_0
 0001:0000D3E0  @C1664_0
 0001:0000D3F4  @C1666_0
 0001:0000D408  @C1672_0
 0001:0000D430  @C1678_0
 0001:0000D430  @C1678_3
 0001:0000D4B8  @C1678_4
 0001:0000D59C  @C1680_0
 0001:0000D784  @C1682_0
 0001:0000D9AC  @C1718_0
 0001:0000D9DC  @C1726_0
 0001:0000DAD4  @C1740_0
 0001:0000DAD4  @C1740_2
 0001:0000DB0C  @C1740_3
 0001:0000DB1C  @C1746_0
 0001:0000E158  @C1754_0
 0001:0000E2D8  @C1754_3
 0001:0000E158  @C1754_4
 0001:0000E2F8  @C1758_0
 0001:0000E5F0  @C1762_0
 0001:0000E6D8  @C1766_0
 0001:0000E878  @C1766_3
 0001:00003EF4  @C176_0
 0001:0000E884  @C1778_0
 0001:0000E9DC  @C1780_0
 0001:00003F20  @C178_0
 0001:0000EB80  @C1794_0
 0001:00003F30  @C180_0
 0001:0000EBD0  @C1812_0
 0001:0000EE74  @C1814_0
 0001:0000EE74  @C1814_2
 0001:0000EE7C  @C1816_0
 0001:0000F044  @C1818_0
 0001:00003F40  @C182_0
 0001:0000F04C  @C1834_0
 0001:000040F8  @C184_0
 0001:00004108  @C186_0
 0001:0000415C  @C186_3
 0001:00004168  @C186_4
 0001:000041A8  @C186_5
 0001:0000F1A4  @C1874_0
 0001:0000F1A4  @C1874_3
 0001:00014074  @C1889_0
 0001:00014074  @C1889_3
 0001:000140B4  @C1889_4
 0001:00019300  @C1903_0
 0001:0001932C  @C1903_3
 0001:00019390  @C1903_4
 0001:0003097C  @C1913_0
 0001:0003097C  @C1913_3
 0001:00030A68  @C1913_4
 0001:0003484C  @C1916_0
 0001:000348B4  @C1916_3
 0001:000348E8  @C1916_4
 0001:00034970  @C1918_0
 0001:00034CAC  @C1918_3
 0001:000376BC  @C1922_0
 0001:000377B0  @C1922_3
 0001:00037818  @C1922_4
 0001:000041DC  @C194_0
 0001:0000433C  @C196_0
 0001:00000114  @C1_0
 0001:000044F8  @C206_0
 0001:0000460C  @C208_0
 0001:000046AC  @C214_0
 0001:000046CC  @C216_0
 0001:000046E4  @C218_0
 0001:00004780  @C218_2
 0001:0000479C  @C220_0
 0001:000047A0  @C224_0
 0001:0000516C  @C244_0
 0001:00005400  @C246_0
 0001:00005404  @C250_0
 0001:00005408  @C252_0
 0001:00005438  @C252_3
 0001:00005494  @C252_4
 0001:00005614  @C254_0
 0001:00005614  @C254_2
 0001:0000627C  @C298_0
 0001:0000627C  @C298_3
 0001:000062AC  @C298_4
 0001:00006448  @C390_0
 0001:00006468  @C392_0
 0001:00006488  @C394_0
 0001:000064AC  @C398_0
 0001:000064F8  @C400_0
 0001:00006584  @C402_0
 0001:0000659C  @C416_0
 0001:000065D8  @C424_0
 0001:00006634  @C426_0
 0001:000066A4  @C430_0
 0001:000066B8  @C442_0
 0001:00006724  @C448_0
 0001:00006758  @C454_0
 0001:000067A8  @C474_0
 0001:000067E0  @C476_0
 0001:000067F8  @C478_0
 0001:00006838  @C518_0
 0001:000068A8  @C522_0
 0001:00006D5B  @C522_3
 0001:000069FF  @C522_4
 0001:00006D86  @C522_5
 0001:00007400  @C526_0
 0001:00007400  @C526_4
 0001:0000754C  @C528_0
 0001:00007558  @C532_0
 0001:00007694  @C532_3
 0001:000076AC  @C532_4
 0001:000076D4  @C536_0
 0001:0000771C  @C538_0
 0001:00007740  @C542_0
 0001:0000777C  @C544_0
 0001:000077DC  @C546_0
 0001:000077F0  @C548_0
 0001:000078E0  @C550_0
 0001:00007968  @C554_0
 0001:000079B0  @C556_0
 0001:00007A28  @C558_0
 0001:00007C24  @C560_0
 0001:00007DC0  @C566_0
 0001:00007EDC  @C568_0
 0001:00007EF0  @C574_0
 0001:00007F30  @C580_0
 0001:00007F6C  @C586_0
 0001:00007FA4  @C588_0
 0001:00007FC4  @C604_0
 0001:00008098  @C606_0
 0001:000082A4  @C610_0
 0001:00008308  @C642_0
 0001:0000836C  @C644_0
 0001:00008374  @C646_0
 0001:000083F4  @C700_0
 0001:00008484  @C708_0
 0001:00008504  @C712_0
 0001:00008524  @C714_0
 0001:00008654  @C730_0
 0001:000086B0  @C734_0
 0001:000086D4  @C740_0
 0001:000088B4  @C766_0
 0001:000089F4  @C768_0
 0001:00008A10  @C770_0
 0001:00008AC0  @C774_0
 0001:00008B94  @C782_0
 0001:00008CD4  @C798_0
 0001:00008F90  @C800_0
 0001:00009008  @C802_0
 0001:000090B8  @C806_0
 0001:00009258  @C814_0
 0001:00009368  @C824_0
 0001:000093FC  @C878_0
 0001:0000944C  @C880_0
 0001:0000954C  @C888_0
 0001:000095C4  @C900_0
 0001:00009680  @C900_1
 0001:000096DC  @C912_0
 0001:0000972C  @C916_0
 0001:00009748  @C928_0
 0002:000032C0  @D1008_0
 0002:000034C4  @D1018_0
 0002:000035C4  @D1038_0
 0002:00003824  @D1172_1
 0002:000038E4  @D1228_1
 0002:0000394C  @D1230_1
 0002:000039B4  @D1232_0
 0002:000039B8  @D1286_0
 0002:00003A34  @D1296_0
 0002:00003A3C  @D1334_1
 0002:00003A44  @D1362_1
 0002:00003A58  @D1364_1
 0002:00003A80  @D1372_1
 0002:00003AA8  @D1374_1
 0002:00003AD0  @D1432_1
 0002:00003B18  @D1568_1
 0002:00003B3C  @D1584_1
 0002:00003B60  @D1586_1
 0002:00003B64  @D1588_1
 0002:00003B74  @D1596_1
 0002:00003B9C  @D1616_1
 0002:00003BBC  @D1618_0
 0002:00003BC0  @D1654_1
 0002:00003BCC  @D1674_0
 0002:00003BD4  @D1676_0
 0002:00003BDC  @D1678_1
 0002:00003C30  @D1680_1
 0002:00003C58  @D1682_1
 0002:00003C7C  @D1718_1
 0002:00003C80  @D1726_1
 0002:00003C84  @D1736_0
 0002:00003C88  @D1738_0
 0002:00003C8C  @D1740_1
 0002:00003CAC  @D1746_1
 0002:00003CDC  @D1754_1
 0002:00003D30  @D1758_1
 0002:00003D90  @D1762_1
 0002:00003DAC  @D1766_1
 0002:00003DB0  @D1776_0
 0002:00003DB4  @D1778_1
 0002:00003DB8  @D1808_0
 0002:00003F7C  @D1814_1
 0002:00003F84  @D1816_1
 0002:00000B10  @D182_1
 0002:00000B80  @D186_1
 0002:00003F94  @D1874_1
 0002:00004820  @D1883_1
 0002:00005678  @D1884_1
 0002:00005D80  @D1889_1
 0002:000065B8  @D1895_1
 0002:00007034  @D1903_1
 0002:00008548  @D1905_1
 0002:00008994  @D1907_1
 0002:00008CC0  @D1909_1
 0002:00008F90  @D1911_1
 0002:00008FB0  @D1913_1
 0002:00009298  @D1915_1
 0002:000096E8  @D1916_1
 0002:0000978C  @D1918_1
 0002:0000A090  @D1922_1
 0002:00000BF4  @D194_1
 0002:00000C48  @D196_1
 0002:00000000  @D1_1
 0002:00000CBC  @D206_1
 0002:00000CC0  @D208_1
 0002:00000D58  @D218_1
 0002:00000D78  @D224_1
 0002:00000DB8  @D252_1
 0002:00000E28  @D254_1
 0002:00002004  @D298_1
 0002:000000A4  @D2_1
 0002:000021D0  @D314_1
 0002:00002264  @D520_0
 0002:00002268  @D522_1
 0002:000025B0  @D524_1
 0002:000025EC  @D526_1
 0002:000026D0  @D532_1
 0002:000026E4  @D548_1
 0002:000026F0  @D568_1
 0002:000026F4  @D606_1
 0002:00002708  @D622_1
 0002:0000270C  @D648_0
 0002:00002710  @D720_0
 0002:00002BC0  @D722_0
 0002:00002C8C  @D732_0
 0002:00002C90  @D734_1
 0002:00002C94  @D800_1
 0002:00002DC0  @D824_1
 0002:00002DCC  @D832_1
 0002:00003248  @D928_1
 0001:00000254  @Sysinit@@GetTls$qqrv
 0004:00000000  @T526_3
 0002:000066A4  @_$CHAQB$@_STL@%basic_string$b20_STL@%char_traits$b%18_STL@%allocator$b%%@%append$pb%$qpbt1rx25_STL@forward_iterator_tag$r63_STL@%basic_string$b20_STL@%char_traits$b%18_STL@%allocator$b%%
 0002:00005E78  @_$CHCOB$@_STL@_Stl_create_wfilebuf$qp8std@FILEi
 0002:000066E4  @_$CHCQB$@_STL@%basic_string$b20_STL@%char_traits$b%18_STL@%allocator$b%%@reserve$qui
 0002:0000082C  @_$CHDSB$@_STL@%basic_ostream$c20_STL@%char_traits$c%%@_M_put_nowiden$qpxc
 0002:00008154  @_$CHGPB$@_STL@%basic_string$b20_STL@%char_traits$b%18_STL@%allocator$b%%@_M_insert_aux$qpbb
 0002:00000898  @_$CHGSB$@_STL@%basic_ostream$c20_STL@%char_traits$c%%@put$qc
 0002:00005F60  @_$CHJOB$@_STL@ios_base@_S_initialize$qv
 0002:00005404  @_$CHKZB$@_STL@%vector$pv19_STL@%allocator$pv%%@%_M_allocate_and_copy$ppv%$quippvt2$ppv
 0002:00005570  @_$CHSZB$@_STL@%basic_string$c20_STL@%char_traits$c%18_STL@%allocator$c%%@reserve$qui
 0002:000009B0  @_$CHTSB$@_STL@%basic_string$c20_STL@%char_traits$c%18_STL@%allocator$c%%@%append$pc%$qpct1rx25_STL@forward_iterator_tag$r63_STL@%basic_string$c20_STL@%char_traits$c%18_STL@%allocator$c%%
 0002:000009D0  @_$CHUSB$@_STL@%basic_string$c20_STL@%char_traits$c%18_STL@%allocator$c%%@%append$pc%$qpct1rx25_STL@forward_iterator_tag$r63_STL@%basic_string$c20_STL@%char_traits$c%18_STL@%allocator$c%%
 0002:0000269C  @_$CHVC$@__call_terminate$qv
 0002:000025B8  @_$CHVC$@std@terminate$qv
 0002:00009904  @_$CHVQB$@_STL@%hashtable$34_STL@%pair$xpxc16_STL@%pair$pvui%%pxc15_STL@%hash$pxc%54_STL@%_Select1st$34_STL@%pair$xpxc16_STL@%pair$pvui%%%12_STL@__eqstr53_STL@%allocator$34_STL@%pair$xpxc16_STL@%pair$pvui%%%%@_M_new_node$qrx34_STL@%pair$xpxc16_STL@%pkRqK
 0002:00005DF4  @_$CHXNB$@_STL@_Stl_create_filebuf$qp8std@FILEi
 0002:00006684  @_$CHZPB$@_STL@%basic_string$b20_STL@%char_traits$b%18_STL@%allocator$b%%@%append$pb%$qpbt1rx25_STL@forward_iterator_tag$r63_STL@%basic_string$b20_STL@%char_traits$b%18_STL@%allocator$b%%
 0002:000055A4  @_$CHZZB$@_STL@%basic_string$c20_STL@%char_traits$c%18_STL@%allocator$c%%@_M_insert_aux$qpcc
 0002:0000716C  @_$DCAMB$@_STL@%moneypunct$co$i1$%@do_grouping$xqv
 0002:0000731C  @_$DCANB$@_STL@%moneypunct$bo$i1$%@do_grouping$xqv
 0002:00007D14  @_$DCAPB$@_STL@%money_get$b50_STL@%istreambuf_iterator$b20_STL@%char_traits$b%%%@do_get$xq50_STL@%istreambuf_iterator$b20_STL@%char_traits$b%%t1or13_STL@ios_baserir63_STL@%basic_string$b20_STL@%char_traits$b%18_STL@%allocator$b%%
 0002:00009E74  @_$DCAVB$@_STL@%time_get$c50_STL@%istreambuf_iterator$c20_STL@%char_traits$c%%%@$bdtr$qv
 0002:0000A1E0  @_$DCAVB$@_STL@_Locale_impl@$bctr$qpxc
 0002:0000922C  @_$DCAW$@_STL@%numpunct$b%@do_falsename$xqv
 0002:00008774  @_$DCBMB$@_STL@%num_get$b50_STL@%istreambuf_iterator$b20_STL@%char_traits$b%%%@do_get$xq50_STL@%istreambuf_iterator$b20_STL@%char_traits$b%%t1r13_STL@ios_baserirg
 0002:00000808  @_$DCBSB$@_STL@%basic_ostream$c20_STL@%char_traits$c%%@$bdtr$qv
 0002:00000AE4  @_$DCBTB$@_STL@%_Filebuf_Tmp_Buf$c%@$bctr$qi
 0002:00005AC4  @_$DCBW$@_STL@%basic_streambuf$c20_STL@%char_traits$c%%@pubimbue$qrx11_STL@locale
 0002:0000A718  @_$DCBXB$@_STL@locale@$bctr$qrx11_STL@locale
 0002:00008DD8  @_$DCCEB$@_STL@%__put_float$50_STL@%ostreambuf_iterator$c20_STL@%char_traits$c%%%$qpct150_STL@%ostreambuf_iterator$c20_STL@%char_traits$c%%r13_STL@ios_basecccrx63_STL@%basic_string$c20_STL@%char_traits$c%18_STL@%allocator$c%%$50_STL@%ostreambuf_itera3QMv
 0002:00007340  @_$DCCNB$@_STL@%moneypunct$bo$i1$%@do_curr_symbol$xqv
 0002:000074DC  @_$DCCOB$@_STL@%__get_decimal_integer$pcg%$qrpct1rg$o
 0002:00009130  @_$DCCV$@_STL@%numpunct$c%@do_grouping$xqv
 0002:000053B8  @_$DCCYB$@_STL@logic_error@$bdtr$qv
 0002:000087CC  @_$DCDMB$@_STL@%num_get$c50_STL@%istreambuf_iterator$c20_STL@%char_traits$c%%%@do_get$xq50_STL@%istreambuf_iterator$c20_STL@%char_traits$c%%t1r13_STL@ios_baseriro
 0002:00005E98  @_$DCDOB$@_STL@_Stl_create_wfilebuf$qp8std@FILEi
 0002:00005B3C  @_$DCDW$@_STL@%basic_streambuf$b20_STL@%char_traits$b%%@$bdtr$qv
 0002:00006774  @_$DCEH$@_STL@%codecvt$cc15__stl_mbstate_t%@$bdtr$qv
 0002:00007190  @_$DCEMB$@_STL@%moneypunct$co$i1$%@do_curr_symbol$xqv
 0002:00006F48  @_$DCEO$@_STL@%ctype$c%@$bctr$qpx20_STL@ctype_base@maskoui
 0002:0000084C  @_$DCESB$@_STL@%basic_ostream$c20_STL@%char_traits$c%%@_M_put_nowiden$qpxc
 0002:00009F7C  @_$DCEWB$@_STL@%num_get$c50_STL@%istreambuf_iterator$c20_STL@%char_traits$c%%%@$bdtr$qv
 0002:0000888C  @_$DCFMB$@_STL@%num_get$c50_STL@%istreambuf_iterator$c20_STL@%char_traits$c%%%@do_get$xq50_STL@%istreambuf_iterator$c20_STL@%char_traits$c%%t1r13_STL@ios_baserirf
 0002:00005EFC  @_$DCFOB$@_STL@%basic_filebuf$b20_STL@%char_traits$b%%@$bctr$qv
 0002:00005764  @_$DCFT$@_STL@ios_base@_M_throw_failure$qv
 0002:00005B6C  @_$DCFW$@_STL@%basic_streambuf$b20_STL@%char_traits$b%%@$bctr$qv
 0002:00008E30  @_$DCGEB$@_STL@%num_put$b50_STL@%ostreambuf_iterator$b20_STL@%char_traits$b%%%@do_put$xq50_STL@%ostreambuf_iterator$b20_STL@%char_traits$b%%r13_STL@ios_basebo
 0002:00006798  @_$DCGH$@_STL@%codecvt$bc15__stl_mbstate_t%@$bdtr$qv
 0002:000071B4  @_$DCGMB$@_STL@%moneypunct$co$i1$%@do_positive_sign$xqv
 0002:00007364  @_$DCGNB$@_STL@%moneypunct$bo$i1$%@do_positive_sign$xqv
 0002:00006F6C  @_$DCGO$@_STL@%ctype$c%@$bdtr$qv
 0002:00005840  @_$DCGU$@_STL@%basic_ios$b20_STL@%char_traits$b%%@imbue$qrx11_STL@locale
 0002:00009F10  @_$DCGVB$@_STL@%num_put$b50_STL@%ostreambuf_iterator$b20_STL@%char_traits$b%%%@$bdtr$qv
 0002:0000A22C  @_$DCGVB$@_STL@_Locale_impl@$bdtr$qv
 0002:00005160  @_$DCGXB$@_STL@%basic_string$c20_STL@%char_traits$c%18_STL@%allocator$c%%@$bctr$qpxcrx18_STL@%allocator$c%
 0002:000088E4  @_$DCHMB$@_STL@%num_get$c50_STL@%istreambuf_iterator$c20_STL@%char_traits$c%%%@do_get$xq50_STL@%istreambuf_iterator$c20_STL@%char_traits$c%%t1r13_STL@ios_baserird
 0002:00007534  @_$DCHOB$@_STL@%money_get$c50_STL@%istreambuf_iterator$c20_STL@%char_traits$c%%%@do_get$xq50_STL@%istreambuf_iterator$c20_STL@%char_traits$c%%t1or13_STL@ios_baserir63_STL@%basic_string$c20_STL@%char_traits$c%18_STL@%allocator$c%%
 0002:000064DC  @_$DCHQB$@_STL@%basic_istream$b20_STL@%char_traits$b%%@$bdtr$qv
 0002:000005A0  @_$DCHRB$@main_$qippc
 0002:000008B8  @_$DCHSB$@_STL@%basic_ostream$c20_STL@%char_traits$c%%@put$qc
 0002:0000561C  @_$DCIAC$@_STL@%vector$pv19_STL@%allocator$pv%%@$bdtr$qv
 0002:000071D8  @_$DCIMB$@_STL@%moneypunct$co$i1$%@do_negative_sign$xqv
 0002:00007388  @_$DCINB$@_STL@%moneypunct$bo$i1$%@do_negative_sign$xqv
 0002:00006F90  @_$DCIO$@_STL@%ctype$b%@$bdtr$qv
 0002:00008188  @_$DCIPB$@_STL@%money_put$b50_STL@%ostreambuf_iterator$b20_STL@%char_traits$b%%%@do_put$xq50_STL@%ostreambuf_iterator$b20_STL@%char_traits$b%%or13_STL@ios_basebrx63_STL@%basic_string$b20_STL@%char_traits$b%18_STL@%allocator$b%%
 0002:00005908  @_$DCIU$@_STL@%basic_streambuf$b20_STL@%char_traits$b%%@pubimbue$qrx11_STL@locale
 0002:00009154  @_$DCIV$@_STL@%numpunct$c%@do_truename$xqv
 0002:00005190  @_$DCIXB$@_STL@%__node_alloc$o$i1$i$i0$%@_M_allocate$qui
 0002:0000893C  @_$DCJMB$@_STL@%num_get$c50_STL@%istreambuf_iterator$c20_STL@%char_traits$c%%%@do_get$xq50_STL@%istreambuf_iterator$c20_STL@%char_traits$c%%t1r13_STL@ios_baserirg
 0002:00006174  @_$DCJPB$@_STL@%basic_ostream$b20_STL@%char_traits$b%%@$bctr$qp46_STL@%basic_streambuf$b20_STL@%char_traits$b%%
 0002:00006500  @_$DCJQB$@_STL@%basic_istream$c20_STL@%char_traits$c%%@$bdtr$qv
 0002:000005E0  @_$DCJRB$@_STL@%basic_ofstream$c20_STL@%char_traits$c%%@$bctr$qpxci
 0002:00008EF8  @_$DCKEB$@_STL@%__put_integer$50_STL@%ostreambuf_iterator$b20_STL@%char_traits$b%%%$qpct150_STL@%ostreambuf_iterator$b20_STL@%char_traits$b%%r13_STL@ios_baseib$50_STL@%ostreambuf_iterator$b20_STL@%char_traits$b%%
 0002:000071FC  @_$DCKMB$@_STL@%moneypunct$co$i0$%@$bctr$qui
 0002:000073AC  @_$DCKNB$@_STL@%moneypunct$bo$i0$%@$bctr$qui
 0002:00005F80  @_$DCKOB$@_STL@ios_base@_S_initialize$qv
 0002:00009B10  @_$DCKSB$@_STL@%money_put$b50_STL@%ostreambuf_iterator$b20_STL@%char_traits$b%%%@$bdtr$qv
 0002:00005980  @_$DCKU$@_STL@%basic_ios$b20_STL@%char_traits$b%%@$bctr$qv
 0002:0000A268  @_$DCKVB$@_STL@_Locale_impl@_M_throw_bad_cast$qv
 0002:000052A0  @_$DCKXB$@_STL@%__node_alloc$o$i1$i$i0$%@_M_deallocate$qpvui
 0002:00006198  @_$DCLPB$@_STL@ios_base@_S_uninitialize$qv
 0002:00000610  @_$DCLRB$@_STL@%basic_ofstream$c20_STL@%char_traits$c%%@$bdtr$qv
 0002:00000914  @_$DCLSB$@_STL@%numpunct$c%@grouping$xqv
 0002:00008F38  @_$DCMEB$@_STL@%__put_float$50_STL@%ostreambuf_iterator$b20_STL@%char_traits$b%%%$qpct150_STL@%ostreambuf_iterator$b20_STL@%char_traits$b%%r13_STL@ios_basebbbrx63_STL@%basic_string$c20_STL@%char_traits$c%18_STL@%allocator$c%%$50_STL@%ostreambuf_itera3NRK
 0002:00007220  @_$DCMMB$@_STL@%moneypunct$co$i0$%@$bdtr$qv
 0002:000073D0  @_$DCMNB$@_STL@%moneypunct$bo$i0$%@$bdtr$qv
 0002:00009B34  @_$DCMSB$@_STL@%money_put$b50_STL@%ostreambuf_iterator$b20_STL@%char_traits$b%%%@do_put$xq50_STL@%ostreambuf_iterator$b20_STL@%char_traits$b%%or13_STL@ios_basebg
 0002:000059A4  @_$DCMU$@_STL@%basic_ios$b20_STL@%char_traits$b%%@init$qp46_STL@%basic_streambuf$b20_STL@%char_traits$b%%
 0002:00009CA0  @_$DCMUB$@_STL@%time_put$b50_STL@%ostreambuf_iterator$b20_STL@%char_traits$b%%%@$bdtr$qv
 0002:00009178  @_$DCMV$@_STL@%numpunct$c%@do_falsename$xqv
 0002:00008604  @_$DCNLB$@_STL@%num_get$b50_STL@%istreambuf_iterator$b20_STL@%char_traits$b%%%@do_get$xq50_STL@%istreambuf_iterator$b20_STL@%char_traits$b%%t1r13_STL@ios_baseriro
 0002:00006524  @_$DCNQB$@_STL@%basic_filebuf$b20_STL@%char_traits$b%%@$bdtr$qv
 0002:00000634  @_$DCNRB$@_STL@%basic_ios$c20_STL@%char_traits$c%%@$bdtr$qv
 0002:00000938  @_$DCNSB$@_STL@%basic_string$c20_STL@%char_traits$c%18_STL@%allocator$c%%@$bdtr$qv
 0002:000057D4  @_$DCNT$@_STL@ios_base@$bctr$qv
 0002:0000A28C  @_$DCNWB$@_STL@_Locale_impl@make_classic_locale$qv
 0002:0000564C  @_$DCOAC$@_STL@%_Vector_base$pv19_STL@%allocator$pv%%@$bdtr$qv
 0002:00001EE4  @_$DCOLE$@std@%basic_string$c19std@%char_traits$c%17std@%allocator$c%%@$bctr$qrx17std@%allocator$c%
 0002:00007244  @_$DCOMB$@_STL@%moneypunct$co$i0$%@do_grouping$xqv
 0002:000073F4  @_$DCONB$@_STL@%moneypunct$bo$i0$%@do_grouping$xqv
 0002:00006814  @_$DCOV$@_STL@%collate$c%@$bdtr$qv
 0002:0000919C  @_$DCOV$@_STL@%numpunct$c%@$bdtr$qv
 0002:00009F34  @_$DCOVB$@_STL@%num_get$b50_STL@%istreambuf_iterator$b20_STL@%char_traits$b%%%@$bdtr$qv
 0002:000052EC  @_$DCOXB$@_STL@__stl_throw_length_error$qpxc
 0002:000053E0  @_$DCOYB$@_STL@length_error@$bdtr$qv
 0002:000054C0  @_$DCOZB$@_STL@%basic_string$c20_STL@%char_traits$c%18_STL@%allocator$c%%@$bctr$qv
 0002:00007974  @_$DCPOB$@_STL@%money_put$c50_STL@%ostreambuf_iterator$c20_STL@%char_traits$c%%%@do_put$xq50_STL@%ostreambuf_iterator$c20_STL@%char_traits$c%%or13_STL@ios_basecrx63_STL@%basic_string$c20_STL@%char_traits$c%18_STL@%allocator$c%%
 0002:000065D4  @_$DCPPB$@_STL@%basic_string$b20_STL@%char_traits$b%18_STL@%allocator$b%%@$bctr$qv
 0002:00006548  @_$DCPQB$@_STL@%basic_filebuf$b20_STL@%char_traits$b%%@seekoff$qlii
 0002:00000658  @_$DCPRB$@_STL@%basic_ios$c20_STL@%char_traits$c%%@$bctr$qv
 0002:0000095C  @_$DCPSB$@_STL@%basic_ostream$c20_STL@%char_traits$c%%@sentry@$bctr$qr44_STL@%basic_ostream$c20_STL@%char_traits$c%%
 0002:00007268  @_$DCQMB$@_STL@%moneypunct$co$i0$%@do_curr_symbol$xqv
 0002:00007418  @_$DCQNB$@_STL@%moneypunct$bo$i0$%@do_curr_symbol$xqv
 0002:000056A0  @_$DCQS$@_STL@ios_base@failure@$bctr$qrx63_STL@%basic_string$c20_STL@%char_traits$c%18_STL@%allocator$c%%
 0002:00009D3C  @_$DCQUB$@_STL@%time_get$b50_STL@%istreambuf_iterator$b20_STL@%char_traits$b%%%@$bdtr$qv
 0002:00006838  @_$DCQV$@_STL@%collate$c%@do_transform$xqpxct1
 0002:00005518  @_$DCQZB$@_STL@%basic_string$c20_STL@%char_traits$c%18_STL@%allocator$c%%@$bctr$qrx63_STL@%basic_string$c20_STL@%char_traits$c%18_STL@%allocator$c%%
 0002:000086C4  @_$DCRLB$@_STL@%num_get$b50_STL@%istreambuf_iterator$b20_STL@%char_traits$b%%%@do_get$xq50_STL@%istreambuf_iterator$b20_STL@%char_traits$b%%t1r13_STL@ios_baserirf
 0002:00005C24  @_$DCRNB$@_SgI@stdio_streambuf_base@$bctr$qp8std@FILE
 0002:00007C64  @_$DCROB$@_STL@%money_get$b50_STL@%istreambuf_iterator$b20_STL@%char_traits$b%%%@do_get$xq50_STL@%istreambuf_iterator$b20_STL@%char_traits$b%%t1or13_STL@ios_baserirg
 0002:0000067C  @_$DCRRB$@_STL@%basic_ostream$c20_STL@%char_traits$c%%@$bctr$qp46_STL@%basic_streambuf$c20_STL@%char_traits$c%%
 0002:0000098C  @_$DCRSB$@_STL@%_String_base$c18_STL@%allocator$c%%@$bdtr$qv
 0002:00005804  @_$DCRT$@_STL@ios_base@$bdtr$qv
 0002:00009BD8  @_$DCRTB$@_STL@%money_put$c50_STL@%ostreambuf_iterator$c20_STL@%char_traits$c%%%@$bdtr$qv
 0002:00005A10  @_$DCRU$@_STL@%basic_ios$b20_STL@%char_traits$b%%@$bdtr$qv
 0002:00009638  @_$DCSLB$@_STL@%__get_decimal_integer$50_STL@%istreambuf_iterator$c20_STL@%char_traits$c%%i%$qr50_STL@%istreambuf_iterator$c20_STL@%char_traits$c%%t1ri$o
 0002:0000728C  @_$DCSMB$@_STL@%moneypunct$co$i0$%@do_positive_sign$xqv
 0002:0000743C  @_$DCSNB$@_STL@%moneypunct$bo$i0$%@do_positive_sign$xqv
 0002:000091C0  @_$DCSV$@_STL@%numpunct$b%@$bdtr$qv
 0002:00002240  @_$DCTFE$@std@bad_alloc@$bdtr$qv
 0002:00001F1C  @_$DCTLE$@std@%basic_string$b19std@%char_traits$b%17std@%allocator$b%%@$bctr$qrx17std@%allocator$b%
 0002:00005C48  @_$DCTNB$@_SgI@stdio_streambuf_base@$bdtr$qv
 0002:0000662C  @_$DCTPB$@_STL@%basic_string$b20_STL@%char_traits$b%18_STL@%allocator$b%%@$bctr$qrx63_STL@%basic_string$b20_STL@%char_traits$b%18_STL@%allocator$b%%
 0002:000006A0  @_$DCTRB$@_STL@%basic_filebuf$c20_STL@%char_traits$c%%@$bctr$qv
 0002:000056C8  @_$DCTS$@_STL@ios_base@failure@$bdtr$qv
 0002:00006718  @_$DCTSB$@_STL@%basic_string$b20_STL@%char_traits$b%18_STL@%allocator$b%%@$bdtr$qv
 0002:00009BFC  @_$DCTTB$@_STL@%money_put$c50_STL@%ostreambuf_iterator$c20_STL@%char_traits$c%%%@do_put$xq50_STL@%ostreambuf_iterator$c20_STL@%char_traits$c%%or13_STL@ios_basecg
 0002:00008D10  @_$DCUDB$@_STL@%num_put$c50_STL@%ostreambuf_iterator$c20_STL@%char_traits$c%%%@do_put$xq50_STL@%ostreambuf_iterator$c20_STL@%char_traits$c%%r13_STL@ios_baseco
 0002:000070F4  @_$DCULB$@_STL@%basic_string$b20_STL@%char_traits$b%18_STL@%allocator$b%%@$bctr$qpxbrx18_STL@%allocator$b%
 0002:000072B0  @_$DCUMB$@_STL@%moneypunct$co$i0$%@do_negative_sign$xqv
 0002:00007460  @_$DCUNB$@_STL@%moneypunct$bo$i0$%@do_negative_sign$xqv
 0002:00006890  @_$DCUV$@_STL@%collate$b%@$bdtr$qv
 0002:000091E4  @_$DCUV$@_STL@%numpunct$b%@do_grouping$xqv
 0002:0000535C  @_$DCUXB$@_STL@__Named_exception@$bctr$qrx63_STL@%basic_string$c20_STL@%char_traits$c%18_STL@%allocator$c%%
 0002:00005DD0  @_$DCVNB$@_STL@ios_base@Init@$bctr$qv
 0002:00005C6C  @_$DCVNB$@_SgI@stdio_istreambuf@$bdtr$qv
 0002:00000704  @_$DCVRB$@_STL@%basic_ios$c20_STL@%char_traits$c%%@init$qp46_STL@%basic_streambuf$c20_STL@%char_traits$c%%
 0002:00005A34  @_$DCVV$@_STL@%basic_streambuf$c20_STL@%char_traits$c%%@$bctr$qv
 0002:0000A6AC  @_$DCVWB$@_STL@ios_base@_Loc_init@$bctr$qv
 0002:00009690  @_$DCWLB$@_STL@%__get_decimal_integer$50_STL@%istreambuf_iterator$b20_STL@%char_traits$b%%i%$qr50_STL@%istreambuf_iterator$b20_STL@%char_traits$b%%t1ri$o
 0002:00007124  @_$DCWLB$@_STL@%moneypunct$co$i1$%@$bctr$qui
 0002:000072D4  @_$DCWMB$@_STL@%moneypunct$bo$i1$%@$bctr$qui
 0002:00007484  @_$DCWNB$@_STL@%money_get$c50_STL@%istreambuf_iterator$c20_STL@%char_traits$c%%%@do_get$xq50_STL@%istreambuf_iterator$c20_STL@%char_traits$c%%t1or13_STL@ios_baserirg
 0002:00009924  @_$DCWQB$@_STL@%hashtable$34_STL@%pair$xpxc16_STL@%pair$pvui%%pxc15_STL@%hash$pxc%54_STL@%_Select1st$34_STL@%pair$xpxc16_STL@%pair$pvui%%%12_STL@__eqstr53_STL@%allocator$34_STL@%pair$xpxc16_STL@%pair$pvui%%%%@_M_new_node$qrx34_STL@%pair$xpxc16_STL@%pkRqK
 0002:00006748  @_$DCWSB$@_STL@%_String_base$b18_STL@%allocator$b%%@$bdtr$qv
 0002:00009DD8  @_$DCWUB$@_STL@%time_put$c50_STL@%ostreambuf_iterator$c20_STL@%char_traits$c%%%@$bdtr$qv
 0002:000068B4  @_$DCWV$@_STL@%collate$b%@do_transform$xqpxbt1
 0002:00009208  @_$DCWV$@_STL@%numpunct$b%@do_truename$xqv
 0002:00005C90  @_$DCXNB$@_SgI@stdio_ostreambuf@$bdtr$qv
 0002:00007CBC  @_$DCXOB$@_STL@%__get_decimal_integer$pbg%$qrpbt1rg$o
 0002:00000734  @_$DCXRB$@_STL@%basic_ios$c20_STL@%char_traits$c%%@imbue$qrx11_STL@locale
 0002:000056EC  @_$DCXS$@_STL@ios_base@imbue$qrx11_STL@locale
 0002:00009C7C  @_$DCXTB$@_STL@%money_get$c50_STL@%istreambuf_iterator$c20_STL@%char_traits$c%%%@$bdtr$qv
 0002:00005A64  @_$DCXV$@_STL@%basic_streambuf$c20_STL@%char_traits$c%%@$bdtr$qv
 0002:0000A6D0  @_$DCXWB$@_STL@locale@$bctr$qv
 0002:00007148  @_$DCYLB$@_STL@%moneypunct$co$i1$%@$bdtr$qv
 0002:000072F8  @_$DCYMB$@_STL@%moneypunct$bo$i1$%@$bdtr$qv
 0002:00005E14  @_$DCYNB$@_STL@_Stl_create_filebuf$qp8std@FILEi
 0002:00000A9C  @_$DCYSB$@_STL@%basic_filebuf$c20_STL@%char_traits$c%%@seekoff$qlii
 0002:00009BB4  @_$DCYSB$@_STL@%money_get$b50_STL@%istreambuf_iterator$b20_STL@%char_traits$b%%%@$bdtr$qv
 0002:00009F58  @_$DCYVB$@_STL@%num_put$c50_STL@%ostreambuf_iterator$c20_STL@%char_traits$c%%%@$bdtr$qv
 0002:0000871C  @_$DCZLB$@_STL@%num_get$b50_STL@%istreambuf_iterator$b20_STL@%char_traits$b%%%@do_get$xq50_STL@%istreambuf_iterator$b20_STL@%char_traits$b%%t1r13_STL@ios_baserird
 0002:000064B8  @_$DCZPB$@_STL@%basic_ostream$b20_STL@%char_traits$b%%@$bdtr$qv
 0002:000007E4  @_$DCZRB$@_STL@%basic_filebuf$c20_STL@%char_traits$c%%@$bdtr$qv
 0002:00005A94  @_$DCZV$@_STL@%basic_streambuf$c20_STL@%char_traits$c%%@$bctr$qp8std@FILEt1
 0002:0000A04C  @_$DCZWB$@_STL@%hashtable$34_STL@%pair$xpxc16_STL@%pair$pvui%%pxc15_STL@%hash$pxc%54_STL@%_Select1st$34_STL@%pair$xpxc16_STL@%pair$pvui%%%12_STL@__eqstr53_STL@%allocator$34_STL@%pair$xpxc16_STL@%pair$pvui%%%%@$bdtr$qv
 0002:0000A6F4  @_$DCZWB$@_STL@locale@$bctr$qp17_STL@_Locale_impl
 0002:00005390  @_$DCZXB$@_STL@__Named_exception@$bdtr$qv
 0002:000055C4  @_$ECTAAC$@_STL@%basic_string$c20_STL@%char_traits$c%18_STL@%allocator$c%%@_M_insert_aux$qpcc
 0002:00001E60  @_$ECTAGE$@__rwstd@%__rw_basis$pc17std@%allocator$c%%@$bctr$qrx42__rwstd@%__rw_basis$pc17std@%allocator$c%%
 0002:0000873C  @_$ECTAMB$@_STL@%num_get$b50_STL@%istreambuf_iterator$b20_STL@%char_traits$b%%%@do_get$xq50_STL@%istreambuf_iterator$b20_STL@%char_traits$b%%t1r13_STL@ios_baserird
 0002:000064C8  @_$ECTAQB$@_STL@%basic_ostream$b20_STL@%char_traits$b%%@$bdtr$qv
 0002:000007F4  @_$ECTASB$@_STL@%basic_filebuf$c20_STL@%char_traits$c%%@$bdtr$qv
 0002:00000ADC  @_$ECTATB$@_STL@%fpos$15__stl_mbstate_t%@$bctr$ql
[...]
 0002:00007CBC  @_$DCXOB$@_STL@%__get_decimal_integer$pbg%$qrpbt1rg$o
 0002:00007CDC  @_$ECTYOB$@_STL@%__get_decimal_integer$pbg%$qrpbt1rg$o
 0002:00007D14  @_$DCAPB$@_STL@%money_get$b50_STL@%istreambuf_iterator$b20_STL@%char_traits$b%%%@do_get$xq50_STL@%istreambuf_iterator$b20_STL@%char_traits$b%%t1or13_STL@ios_baserir63_STL@%basic_string$b20_STL@%char_traits$b%18_STL@%allocator$b%%
 0002:00007E28  @_$ECTBPB$@_STL@%money_get$b50_STL@%istreambuf_iterator$b20_STL@%char_traits$b%%%@do_get$xq50_STL@%istreambuf_iterator$b20_STL@%char_traits$b%%t1or13_STL@ios_baserir63_STL@%basic_string$b20_STL@%char_traits$b%18_STL@%allocator$b%%
 0002:00008154  @_$CHGPB$@_STL@%basic_string$b20_STL@%char_traits$b%18_STL@%allocator$b%%@_M_insert_aux$qpbb
 0002:00008174  @_$ECTHPB$@_STL@%basic_string$b20_STL@%char_traits$b%18_STL@%allocator$b%%@_M_insert_aux$qpbb
 0002:00008188  @_$DCIPB$@_STL@%money_put$b50_STL@%ostreambuf_iterator$b20_STL@%char_traits$b%%%@do_put$xq50_STL@%ostreambuf_iterator$b20_STL@%char_traits$b%%or13_STL@ios_basebrx63_STL@%basic_string$b20_STL@%char_traits$b%18_STL@%allocator$b%%
 0002:00008284  @_$ECTJPB$@_STL@%money_put$b50_STL@%ostreambuf_iterator$b20_STL@%char_traits$b%%%@do_put$xq50_STL@%ostreambuf_iterator$b20_STL@%char_traits$b%%or13_STL@ios_basebrx63_STL@%basic_string$b20_STL@%char_traits$b%18_STL@%allocator$b%%
 0002:00008478  @_STL@%moneypunct$bo$i0$%@
 0002:000084AC  @_STL@%moneypunct$bo$i1$%@
 0002:000084E0  @_STL@%moneypunct$co$i0$%@
 0002:00008514  @_STL@%moneypunct$co$i1$%@
 0002:00008548  @D1905_1
 0002:00008560  @_STL@__digit_val_table
 0002:000085E0  @_STL@__narrow_atoms
 0002:000085F4  @_STL@%num_get$c50_STL@%istreambuf_iterator$c20_STL@%char_traits$c%%%@id
 0002:000085F8  @_STL@%num_get$cpxc%@id
 0002:000085FC  @_STL@%num_get$b50_STL@%istreambuf_iterator$b20_STL@%char_traits$b%%%@id
 0002:00008600  @_STL@%num_get$bpxb%@id
 0002:00008604  @_$DCNLB$@_STL@%num_get$b50_STL@%istreambuf_iterator$b20_STL@%char_traits$b%%%@do_get$xq50_STL@%istreambuf_iterator$b20_STL@%char_traits$b%%t1r13_STL@ios_baseriro
 0002:0000865C  @_$ECTOLB$@_STL@%num_get$b50_STL@%istreambuf_iterator$b20_STL@%char_traits$b%%%@do_get$xq50_STL@%istreambuf_iterator$b20_STL@%char_traits$b%%t1r13_STL@ios_baseriro
 0002:000086C4  @_$DCRLB$@_STL@%num_get$b50_STL@%istreambuf_iterator$b20_STL@%char_traits$b%%%@do_get$xq50_STL@%istreambuf_iterator$b20_STL@%char_traits$b%%t1r13_STL@ios_baserirf
 0002:000086E4  @_$ECTSLB$@_STL@%num_get$b50_STL@%istreambuf_iterator$b20_STL@%char_traits$b%%%@do_get$xq50_STL@%istreambuf_iterator$b20_STL@%char_traits$b%%t1r13_STL@ios_baserirf
 0002:0000871C  @_$DCZLB$@_STL@%num_get$b50_STL@%istreambuf_iterator$b20_STL@%char_traits$b%%%@do_get$xq50_STL@%istreambuf_iterator$b20_STL@%char_traits$b%%t1r13_STL@ios_baserird
 0002:0000873C  @_$ECTAMB$@_STL@%num_get$b50_STL@%istreambuf_iterator$b20_STL@%char_traits$b%%%@do_get$xq50_STL@%istreambuf_iterator$b20_STL@%char_traits$b%%t1r13_STL@ios_baserird
 0002:00008774  @_$DCBMB$@_STL@%num_get$b50_STL@%istreambuf_iterator$b20_STL@%char_traits$b%%%@do_get$xq50_STL@%istreambuf_iterator$b20_STL@%char_traits$b%%t1r13_STL@ios_baserirg
 0002:00008794  @_$ECTCMB$@_STL@%num_get$b50_STL@%istreambuf_iterator$b20_STL@%char_traits$b%%%@do_get$xq50_STL@%istreambuf_iterator$b20_STL@%char_traits$b%%t1r13_STL@ios_baserirg
 0002:000087CC  @_$DCDMB$@_STL@%num_get$c50_STL@%istreambuf_iterator$c20_STL@%char_traits$c%%%@do_get$xq50_STL@%istreambuf_iterator$c20_STL@%char_traits$c%%t1r13_STL@ios_baseriro
 0002:00008824  @_$ECTEMB$@_STL@%num_get$c50_STL@%istreambuf_iterator$c20_STL@%char_traits$c%%%@do_get$xq50_STL@%istreambuf_iterator$c20_STL@%char_traits$c%%t1r13_STL@ios_baseriro
 0002:0000888C  @_$DCFMB$@_STL@%num_get$c50_STL@%istreambuf_iterator$c20_STL@%char_traits$c%%%@do_get$xq50_STL@%istreambuf_iterator$c20_STL@%char_traits$c%%t1r13_STL@ios_baserirf
 0002:000088AC  @_$ECTGMB$@_STL@%num_get$c50_STL@%istreambuf_iterator$c20_STL@%char_traits$c%%%@do_get$xq50_STL@%istreambuf_iterator$c20_STL@%char_traits$c%%t1r13_STL@ios_baserirf
 0002:000088E4  @_$DCHMB$@_STL@%num_get$c50_STL@%istreambuf_iterator$c20_STL@%char_traits$c%%%@do_get$xq50_STL@%istreambuf_iterator$c20_STL@%char_traits$c%%t1r13_STL@ios_baserird
 0002:00008904  @_$ECTIMB$@_STL@%num_get$c50_STL@%istreambuf_iterator$c20_STL@%char_traits$c%%%@do_get$xq50_STL@%istreambuf_iterator$c20_STL@%char_traits$c%%t1r13_STL@ios_baserird
 0002:0000893C  @_$DCJMB$@_STL@%num_get$c50_STL@%istreambuf_iterator$c20_STL@%char_traits$c%%%@do_get$xq50_STL@%istreambuf_iterator$c20_STL@%char_traits$c%%t1r13_STL@ios_baserirg
 0002:0000895C  @_$ECTKMB$@_STL@%num_get$c50_STL@%istreambuf_iterator$c20_STL@%char_traits$c%%%@do_get$xq50_STL@%istreambuf_iterator$c20_STL@%char_traits$c%%t1r13_STL@ios_baserirg
 0002:00008994  @D1907_1
 0002:00008CC0  @_STL@__hex_char_table_lo
 0002:00008CC0  @D1909_1
 0002:00008CD2  @_STL@__hex_char_table_hi
 0002:00008D00  @_STL@%num_put$c50_STL@%ostreambuf_iterator$c20_STL@%char_traits$c%%%@id
 0002:00008D04  @_STL@%num_put$cpc%@id
 0002:00008D08  @_STL@%num_put$b50_STL@%ostreambuf_iterator$b20_STL@%char_traits$b%%%@id
 0002:00008D0C  @_STL@%num_put$bpb%@id
 0002:00008D10  @_$DCUDB$@_STL@%num_put$c50_STL@%ostreambuf_iterator$c20_STL@%char_traits$c%%%@do_put$xq50_STL@%ostreambuf_iterator$c20_STL@%char_traits$c%%r13_STL@ios_baseco
 0002:00008D64  @_$ECTVDB$@_STL@%num_put$c50_STL@%ostreambuf_iterator$c20_STL@%char_traits$c%%%@do_put$xq50_STL@%ostreambuf_iterator$c20_STL@%char_traits$c%%r13_STL@ios_baseco
 0002:00008DD8  @_$DCCEB$@_STL@%__put_float$50_STL@%ostreambuf_iterator$c20_STL@%char_traits$c%%%$qpct150_STL@%ostreambuf_iterator$c20_STL@%char_traits$c%%r13_STL@ios_basecccrx63_STL@%basic_string$c20_STL@%char_traits$c%18_STL@%allocator$c%%$50_STL@%ostreambuf_itera3QMv
 0002:00008DF8  @_$ECTDEB$@_STL@%__put_float$50_STL@%ostreambuf_iterator$c20_STL@%char_traits$c%%%$qpct150_STL@%ostreambuf_iterator$c20_STL@%char_traits$c%%r13_STL@ios_basecccrx63_STL@%basic_string$c20_STL@%char_traits$c%18_STL@%allocator$c%%$50_STL@%ostreambuf_iterRW5W
 0002:00008E30  @_$DCGEB$@_STL@%num_put$b50_STL@%ostreambuf_iterator$b20_STL@%char_traits$b%%%@do_put$xq50_STL@%ostreambuf_iterator$b20_STL@%char_traits$b%%r13_STL@ios_basebo
 0002:00008E84  @_$ECTHEB$@_STL@%num_put$b50_STL@%ostreambuf_iterator$b20_STL@%char_traits$b%%%@do_put$xq50_STL@%ostreambuf_iterator$b20_STL@%char_traits$b%%r13_STL@ios_basebo
 0002:00008EF8  @_$DCKEB$@_STL@%__put_integer$50_STL@%ostreambuf_iterator$b20_STL@%char_traits$b%%%$qpct150_STL@%ostreambuf_iterator$b20_STL@%char_traits$b%%r13_STL@ios_baseib$50_STL@%ostreambuf_iterator$b20_STL@%char_traits$b%%
 0002:00008F18  @_$ECTLEB$@_STL@%__put_integer$50_STL@%ostreambuf_iterator$b20_STL@%char_traits$b%%%$qpct150_STL@%ostreambuf_iterator$b20_STL@%char_traits$b%%r13_STL@ios_baseib$50_STL@%ostreambuf_iterator$b20_STL@%char_traits$b%%
 0002:00008F38  @_$DCMEB$@_STL@%__put_float$50_STL@%ostreambuf_iterator$b20_STL@%char_traits$b%%%$qpct150_STL@%ostreambuf_iterator$b20_STL@%char_traits$b%%r13_STL@ios_basebbbrx63_STL@%basic_string$c20_STL@%char_traits$c%18_STL@%allocator$c%%$50_STL@%ostreambuf_itera3NRK
 0002:00008F58  @_$ECTNEB$@_STL@%__put_float$50_STL@%ostreambuf_iterator$b20_STL@%char_traits$b%%%$qpct150_STL@%ostreambuf_iterator$b20_STL@%char_traits$b%%r13_STL@ios_basebbbrx63_STL@%basic_string$c20_STL@%char_traits$c%18_STL@%allocator$c%%$50_STL@%ostreambuf_iterRTBB
 0002:00008F90  @D1911_1
 0002:00008FB0  @D1913_1
 0002:00009130  @_$DCCV$@_STL@%numpunct$c%@do_grouping$xqv
 0002:00009140  @_$ECTDV$@_STL@%numpunct$c%@do_grouping$xqv
 0002:00009154  @_$DCIV$@_STL@%numpunct$c%@do_truename$xqv
 0002:00009164  @_$ECTJV$@_STL@%numpunct$c%@do_truename$xqv
 0002:00009178  @_$DCMV$@_STL@%numpunct$c%@do_falsename$xqv
 0002:00009188  @_$ECTNV$@_STL@%numpunct$c%@do_falsename$xqv
 0002:0000919C  @_$DCOV$@_STL@%numpunct$c%@$bdtr$qv
 0002:000091AC  @_$ECTPV$@_STL@%numpunct$c%@$bdtr$qv
 0002:000091C0  @_$DCSV$@_STL@%numpunct$b%@$bdtr$qv
 0002:000091D0  @_$ECTTV$@_STL@%numpunct$b%@$bdtr$qv
 0002:000091E4  @_$DCUV$@_STL@%numpunct$b%@do_grouping$xqv
 0002:000091F4  @_$ECTVV$@_STL@%numpunct$b%@do_grouping$xqv
 0002:00009208  @_$DCWV$@_STL@%numpunct$b%@do_truename$xqv
 0002:00009218  @_$ECTXV$@_STL@%numpunct$b%@do_truename$xqv
 0002:0000922C  @_$DCAW$@_STL@%numpunct$b%@do_falsename$xqv
 0002:0000923C  @_$ECTBW$@_STL@%numpunct$b%@do_falsename$xqv
 0002:00009250  @_STL@%numpunct$b%@
 0002:00009274  @_STL@%numpunct$c%@
 0002:00009298  @D1915_1
 0002:00009618  @_STL@%time_get$c50_STL@%istreambuf_iterator$c20_STL@%char_traits$c%%%@id
 0002:0000961C  @_STL@%time_get$cpxc%@id
 0002:00009620  @_STL@%time_put$c50_STL@%ostreambuf_iterator$c20_STL@%char_traits$c%%%@id
 0002:00009624  @_STL@%time_put$cpc%@id
 0002:00009628  @_STL@%time_get$b50_STL@%istreambuf_iterator$b20_STL@%char_traits$b%%%@id
 0002:0000962C  @_STL@%time_get$bpxb%@id
 0002:00009630  @_STL@%time_put$b50_STL@%ostreambuf_iterator$b20_STL@%char_traits$b%%%@id
 0002:00009634  @_STL@%time_put$bpb%@id
 0002:00009638  @_$DCSLB$@_STL@%__get_decimal_integer$50_STL@%istreambuf_iterator$c20_STL@%char_traits$c%%i%$qr50_STL@%istreambuf_iterator$c20_STL@%char_traits$c%%t1ri$o
 0002:00009658  @_$ECTTLB$@_STL@%__get_decimal_integer$50_STL@%istreambuf_iterator$c20_STL@%char_traits$c%%i%$qr50_STL@%istreambuf_iterator$c20_STL@%char_traits$c%%t1ri$o
 0002:00009690  @_$DCWLB$@_STL@%__get_decimal_integer$50_STL@%istreambuf_iterator$b20_STL@%char_traits$b%%i%$qr50_STL@%istreambuf_iterator$b20_STL@%char_traits$b%%t1ri$o
 0002:000096B0  @_$ECTXLB$@_STL@%__get_decimal_integer$50_STL@%istreambuf_iterator$b20_STL@%char_traits$b%%i%$qr50_STL@%istreambuf_iterator$b20_STL@%char_traits$b%%t1ri$o
 0002:000096E8  @D1916_1
 0002:00009774  @_STL@_Locale_impl@3
 0002:0000978C  @D1918_1
 0002:0000978C  @_STL@__category_hash_lock
 0002:00009904  @_$CHVQB$@_STL@%hashtable$34_STL@%pair$xpxc16_STL@%pair$pvui%%pxc15_STL@%hash$pxc%54_STL@%_Select1st$34_STL@%pair$xpxc16_STL@%pair$pvui%%%12_STL@__eqstr53_STL@%allocator$34_STL@%pair$xpxc16_STL@%pair$pvui%%%%@_M_new_node$qrx34_STL@%pair$xpxc16_STL@%pkRqK
 0002:00009924  @_$DCWQB$@_STL@%hashtable$34_STL@%pair$xpxc16_STL@%pair$pvui%%pxc15_STL@%hash$pxc%54_STL@%_Select1st$34_STL@%pair$xpxc16_STL@%pair$pvui%%%12_STL@__eqstr53_STL@%allocator$34_STL@%pair$xpxc16_STL@%pair$pvui%%%%@_M_new_node$qrx34_STL@%pair$xpxc16_STL@%pkRqK
 0002:00009934  @_$ECTXQB$@_STL@%hashtable$34_STL@%pair$xpxc16_STL@%pair$pvui%%pxc15_STL@%hash$pxc%54_STL@%_Select1st$34_STL@%pair$xpxc16_STL@%pair$pvui%%%12_STL@__eqstr53_STL@%allocator$34_STL@%pair$xpxc16_STL@%pair$pvui%%%%@_M_new_node$qrx34_STL@%pair$xpxc16_STL@%kSU2
 0002:00009960  @_STL@%money_put$b50_STL@%ostreambuf_iterator$b20_STL@%char_traits$b%%%@
 0002:00009978  @_STL@%money_get$b50_STL@%istreambuf_iterator$b20_STL@%char_traits$b%%%@
 0002:00009990  @_STL@%money_put$c50_STL@%ostreambuf_iterator$c20_STL@%char_traits$c%%%@
 0002:000099A8  @_STL@%money_get$c50_STL@%istreambuf_iterator$c20_STL@%char_traits$c%%%@
 0002:000099C0  @_STL@%time_put$b50_STL@%ostreambuf_iterator$b20_STL@%char_traits$b%%%@
 0002:000099D4  @_STL@%time_get$b50_STL@%istreambuf_iterator$b20_STL@%char_traits$b%%%@
 0002:000099FC  @_STL@%time_put$c50_STL@%ostreambuf_iterator$c20_STL@%char_traits$c%%%@
 0002:00009A10  @_STL@%time_get$c50_STL@%istreambuf_iterator$c20_STL@%char_traits$c%%%@
 0002:00009A38  @_STL@%num_put$b50_STL@%ostreambuf_iterator$b20_STL@%char_traits$b%%%@
 0002:00009A68  @_STL@%num_get$b50_STL@%istreambuf_iterator$b20_STL@%char_traits$b%%%@
 0002:00009AA4  @_STL@%num_put$c50_STL@%ostreambuf_iterator$c20_STL@%char_traits$c%%%@
 0002:00009AD4  @_STL@%num_get$c50_STL@%istreambuf_iterator$c20_STL@%char_traits$c%%%@
 0002:00009B10  @_$DCKSB$@_STL@%money_put$b50_STL@%ostreambuf_iterator$b20_STL@%char_traits$b%%%@$bdtr$qv
 0002:00009B20  @_$ECTLSB$@_STL@%money_put$b50_STL@%ostreambuf_iterator$b20_STL@%char_traits$b%%%@$bdtr$qv
 0002:00009B34  @_$DCMSB$@_STL@%money_put$b50_STL@%ostreambuf_iterator$b20_STL@%char_traits$b%%%@do_put$xq50_STL@%ostreambuf_iterator$b20_STL@%char_traits$b%%or13_STL@ios_basebg
 0002:00009B70  @_$ECTNSB$@_STL@%money_put$b50_STL@%ostreambuf_iterator$b20_STL@%char_traits$b%%%@do_put$xq50_STL@%ostreambuf_iterator$b20_STL@%char_traits$b%%or13_STL@ios_basebg
 0002:00009BB4  @_$DCYSB$@_STL@%money_get$b50_STL@%istreambuf_iterator$b20_STL@%char_traits$b%%%@$bdtr$qv
 0002:00009BC4  @_$ECTZSB$@_STL@%money_get$b50_STL@%istreambuf_iterator$b20_STL@%char_traits$b%%%@$bdtr$qv
 0002:00009BD8  @_$DCRTB$@_STL@%money_put$c50_STL@%ostreambuf_iterator$c20_STL@%char_traits$c%%%@$bdtr$qv
 0002:00009BE8  @_$ECTSTB$@_STL@%money_put$c50_STL@%ostreambuf_iterator$c20_STL@%char_traits$c%%%@$bdtr$qv
 0002:00009BFC  @_$DCTTB$@_STL@%money_put$c50_STL@%ostreambuf_iterator$c20_STL@%char_traits$c%%%@do_put$xq50_STL@%ostreambuf_iterator$c20_STL@%char_traits$c%%or13_STL@ios_basecg
 0002:00009C38  @_$ECTUTB$@_STL@%money_put$c50_STL@%ostreambuf_iterator$c20_STL@%char_traits$c%%%@do_put$xq50_STL@%ostreambuf_iterator$c20_STL@%char_traits$c%%or13_STL@ios_basecg
 0002:00009C7C  @_$DCXTB$@_STL@%money_get$c50_STL@%istreambuf_iterator$c20_STL@%char_traits$c%%%@$bdtr$qv
 0002:00009C8C  @_$ECTYTB$@_STL@%money_get$c50_STL@%istreambuf_iterator$c20_STL@%char_traits$c%%%@$bdtr$qv
 0002:00009CA0  @_$DCMUB$@_STL@%time_put$b50_STL@%ostreambuf_iterator$b20_STL@%char_traits$b%%%@$bdtr$qv
 0002:00009CB0  @_$ECTNUB$@_STL@%time_put$b50_STL@%ostreambuf_iterator$b20_STL@%char_traits$b%%%@$bdtr$qv
 0002:00009D3C  @_$DCQUB$@_STL@%time_get$b50_STL@%istreambuf_iterator$b20_STL@%char_traits$b%%%@$bdtr$qv
 0002:00009D4C  @_$ECTRUB$@_STL@%time_get$b50_STL@%istreambuf_iterator$b20_STL@%char_traits$b%%%@$bdtr$qv
 0002:00009DD8  @_$DCWUB$@_STL@%time_put$c50_STL@%ostreambuf_iterator$c20_STL@%char_traits$c%%%@$bdtr$qv
 0002:00009DE8  @_$ECTXUB$@_STL@%time_put$c50_STL@%ostreambuf_iterator$c20_STL@%char_traits$c%%%@$bdtr$qv
 0002:00009E74  @_$DCAVB$@_STL@%time_get$c50_STL@%istreambuf_iterator$c20_STL@%char_traits$c%%%@$bdtr$qv
 0002:00009E84  @_$ECTBVB$@_STL@%time_get$c50_STL@%istreambuf_iterator$c20_STL@%char_traits$c%%%@$bdtr$qv
 0002:00009F10  @_$DCGVB$@_STL@%num_put$b50_STL@%ostreambuf_iterator$b20_STL@%char_traits$b%%%@$bdtr$qv
 0002:00009F20  @_$ECTHVB$@_STL@%num_put$b50_STL@%ostreambuf_iterator$b20_STL@%char_traits$b%%%@$bdtr$qv
 0002:00009F34  @_$DCOVB$@_STL@%num_get$b50_STL@%istreambuf_iterator$b20_STL@%char_traits$b%%%@$bdtr$qv
 0002:00009F44  @_$ECTPVB$@_STL@%num_get$b50_STL@%istreambuf_iterator$b20_STL@%char_traits$b%%%@$bdtr$qv
 0002:00009F58  @_$DCYVB$@_STL@%num_put$c50_STL@%ostreambuf_iterator$c20_STL@%char_traits$c%%%@$bdtr$qv
 0002:00009F68  @_$ECTZVB$@_STL@%num_put$c50_STL@%ostreambuf_iterator$c20_STL@%char_traits$c%%%@$bdtr$qv
 0002:00009F7C  @_$DCEWB$@_STL@%num_get$c50_STL@%istreambuf_iterator$c20_STL@%char_traits$c%%%@$bdtr$qv
 0002:00009F8C  @_$ECTFWB$@_STL@%num_get$c50_STL@%istreambuf_iterator$c20_STL@%char_traits$c%%%@$bdtr$qv
 0002:00009FA0  @_$ECTQWB$@_STL@%hash_map$pxc16_STL@%pair$pvui%15_STL@%hash$pxc%12_STL@__eqstr53_STL@%allocator$34_STL@%pair$xpxc16_STL@%pair$pvui%%%%@$bdtr$qv
 0002:00009FCC  @_$ECTWWB$@_STL@_Time_Info@$bdtr$qv
 0002:0000A04C  @_$DCZWB$@_STL@%hashtable$34_STL@%pair$xpxc16_STL@%pair$pvui%%pxc15_STL@%hash$pxc%54_STL@%_Select1st$34_STL@%pair$xpxc16_STL@%pair$pvui%%%12_STL@__eqstr53_STL@%allocator$34_STL@%pair$xpxc16_STL@%pair$pvui%%%%@$bdtr$qv
 0002:0000A05C  @_$ECTAXB$@_STL@%hashtable$34_STL@%pair$xpxc16_STL@%pair$pvui%%pxc15_STL@%hash$pxc%54_STL@%_Select1st$34_STL@%pair$xpxc16_STL@%pair$pvui%%%12_STL@__eqstr53_STL@%allocator$34_STL@%pair$xpxc16_STL@%pair$pvui%%%%@$bdtr$qv
 0002:0000A088  @_$ECTEXB$@_STL@%_STLP_alloc_proxy$ui59_STL@%_Hashtable_node$34_STL@%pair$xpxc16_STL@%pair$pvui%%%78_STL@%allocator$59_STL@%_Hashtable_node$34_STL@%pair$xpxc16_STL@%pair$pvui%%%%%@$bdtr$qv
 0002:0000A090  @D1922_1
 0002:0000A130  @_STL@_Stl_loc_global_impl
 0002:0000A134  @_STL@_Stl_loc_global_locale_lock
 0002:0000A1E0  @_$DCAVB$@_STL@_Locale_impl@$bctr$qpxc
 0002:0000A200  @_$ECTBVB$@_STL@_Locale_impl@$bctr$qpxc
 0002:0000A22C  @_$DCGVB$@_STL@_Locale_impl@$bdtr$qv
 0002:0000A23C  @_$ECTHVB$@_STL@_Locale_impl@$bdtr$qv
 0002:0000A268  @_$DCKVB$@_STL@_Locale_impl@_M_throw_bad_cast$qv
 0002:0000A278  @_$ECTLVB$@_STL@_Locale_impl@_M_throw_bad_cast$qv
 0002:0000A28C  @_$DCNWB$@_STL@_Locale_impl@make_classic_locale$qv
 0002:0000A41C  @_$ECTOWB$@_STL@_Locale_impl@make_classic_locale$qv
 0002:0000A67C  @_STL@locale@id@_S_max
 0002:0000A680  @_STL@%ctype$c%@id
 0002:0000A684  @_STL@%codecvt$cc15__stl_mbstate_t%@id
 0002:0000A688  @_STL@%codecvt$bc15__stl_mbstate_t%@id
 0002:0000A68C  @_STL@%moneypunct$co$i1$%@id
 0002:0000A690  @_STL@%moneypunct$co$i0$%@id
 0002:0000A694  @_STL@%numpunct$c%@id
 0002:0000A698  @_STL@%ctype$b%@id
 0002:0000A69C  @_STL@%moneypunct$bo$i1$%@id
 0002:0000A6A0  @_STL@%moneypunct$bo$i0$%@id
 0002:0000A6A4  @_STL@%numpunct$b%@id
 0002:0000A6A8  @_STL@ios_base@_Loc_init@_S_count
 0002:0000A6AC  @_$DCVWB$@_STL@ios_base@_Loc_init@$bctr$qv
 0002:0000A6BC  @_$ECTWWB$@_STL@ios_base@_Loc_init@$bctr$qv
 0002:0000A6D0  @_$DCXWB$@_STL@locale@$bctr$qv
 0002:0000A6E0  @_$ECTYWB$@_STL@locale@$bctr$qv
 0002:0000A6F4  @_$DCZWB$@_STL@locale@$bctr$qp17_STL@_Locale_impl
 0002:0000A704  @_$ECTAXB$@_STL@locale@$bctr$qp17_STL@_Locale_impl
 0002:0000A718  @_$DCBXB$@_STL@locale@$bctr$qrx11_STL@locale
 0002:0000A728  @_$ECTCXB$@_STL@locale@$bctr$qrx11_STL@locale
 0003:00000000  @B186_2
 0003:00000000  __new_handler
 0003:00000004  ___bad_alloc
 0003:00000008  @B208_2
 0003:00000008  __bormm_pfn_FreeMem
 0003:0000000C  __bormm_pfn_GetMem
 0003:00000010  __bormm_pfn_ReallocMem
 0003:00000014  __bormm_pfn_HeapAddRef
 0003:00000018  __bormm_pfn_HeapRelease
 0003:00000020  @B252_2
 0003:00000028  @B298_2
 0003:0000002C  @B522_2
 0003:00000434  __DestructorCountPtr
 0003:00000434  @B526_2
 0003:0000043C  @B532_2
 0003:0000043C  __HandlerPtr
 0003:00000440  __UserHandlerPtr
 0003:00000444  __pidtab
 0003:00000444  @B722_1
 0003:0000050C  __handles
 0003:000005D4  @B800_2
 0003:000005D4  __doserrno
 0003:000005D8  @B806_1
 0003:000005DC  @B824_2
 0003:000005DC  __tmpnum
 0003:000005EC  @B1236_1
 0003:00000618  @B1432_2
 0003:00000618  __mbctype
 0003:0000071C  __mbcsCodePage
 0003:00000720  @B1568_2
 0003:00000820  @B1584_2
 0003:0000083C  @B1596_2
 0003:0000083C  __ostype
 0003:00000840  __argv
 0003:00000840  @B1678_2
 0003:0000084C  @B1680_2
 0003:00000850  @B1682_2
 0003:00000854  @B1754_2
 0003:00000854  __environ
 0003:0000085C  __envsize
 0003:00000860  __env_lock
 0003:00000864  @B1766_2
 0003:00000A64  __C0argc
 0003:00000A64  @B1776_1
 0003:00000A68  __C0argv
 0003:00000A6C  __C0environ
 0003:00000A70  __oscmd
 0003:00000A74  __osenv
 0003:00000A78  __argc
 0003:00000A7C  __dll_table
 0003:00000A84  __ExcRegPtr
 0003:00000A88  __wosenv
 0003:00000A8C  __woscmd
 0003:00000A90  __wC0argv
 0003:00000A94  __wC0environ
 0003:00000A98  __exe_table
 0003:00000AA0  __stkbase
 0003:00000AA4  @B1816_2
 0003:00000AAC  @B1874_2
 0003:00000AB0  ___pCPPdebugHook
 0003:00000ABC  @_STL@cin
 0003:00000ABC  @B1889_2
 0003:00000B44  @_STL@cout
 0003:00000BC4  @_STL@cerr
 0003:00000C44  @_STL@clog
 0003:00000CC4  @_STL@wcin
 0003:00000D4C  @_STL@wcout
 0003:00000DCC  @_STL@wcerr
 0003:00000E4C  @_STL@wclog
 0003:00000ECC  @_STL@_LocInit
 0003:00000ED4  @_STL@_IosInit
 0003:00000EDC  @B1903_2
 0003:00000EDC  @_STL@_S_empty_string
 0003:00000EF4  @_STL@_S_empty_wstring
 0003:00000F0C  @_STL@%numpunct$c%@_M_truename
 0003:00000F0C  @B1913_2
 0003:00000F24  @_STL@%numpunct$c%@_M_falsename
 0003:00000F3C  @_STL@%numpunct$c%@_M_grouping
 0003:00000F54  @_STL@%numpunct$b%@_M_truename
 0003:00000F6C  @_STL@%numpunct$b%@_M_falsename
 0003:00000F84  @_STL@%numpunct$b%@_M_grouping
 0003:00000F9C  @B1916_2
 0003:00000FA4  @B1918_2
 0003:00000FD4  @B1922_2
 0003:0000231C  @_STL@_Stl_loc_classic_locale
 0004:00000000  @T526_3
 0004:00000000  ___xxInfo
